Archive member included because of file (symbol)

arduino.ar(variant.cpp.o)     ./libraries/SPI/SPI.cpp.o (sercom2)
arduino.ar(CDC.cpp.o)         ./.ino.cpp.o (Serial_::begin(unsigned long))
arduino.ar(USBCore.cpp.o)     arduino.ar(CDC.cpp.o) (USBDeviceClass::flush(unsigned long))
arduino.ar(IPAddress.cpp.o)   ./TimeService.cpp.o (IPAddress::IPAddress())
arduino.ar(Print.cpp.o)       ./libraries/Wire/Wire.cpp.o (Print::write(unsigned char const*, unsigned int))
arduino.ar(Reset.cpp.o)       arduino.ar(CDC.cpp.o) (initiateReset)
arduino.ar(RingBuffer.cpp.o)  ./libraries/Wire/Wire.cpp.o (RingBuffer::RingBuffer())
arduino.ar(SERCOM.cpp.o)      arduino.ar(variant.cpp.o) (SERCOM::SERCOM(Sercom*))
arduino.ar(Uart.cpp.o)        arduino.ar(variant.cpp.o) (Uart::Uart(SERCOM*, unsigned char, unsigned char, SercomRXPad, SercomUartTXPad))
arduino.ar(WInterrupts.c.o)   ./.ino.cpp.o (attachInterrupt)
arduino.ar(WString.cpp.o)     ./GallonUtils.cpp.o (String::~String())
arduino.ar(abi.cpp.o)         ./libraries/Wire/Wire.cpp.o (__cxa_pure_virtual)
arduino.ar(cortex_handlers.c.o)
                              (Reset_Handler)
arduino.ar(delay.c.o)         ./.ino.cpp.o (millis)
arduino.ar(hooks.c.o)         arduino.ar(delay.c.o) (yield)
arduino.ar(itoa.c.o)          arduino.ar(WString.cpp.o) (ltoa)
arduino.ar(main.cpp.o)        /Users/andri/eclipse/cpp-mars/eclipseArduino.app/Contents/Eclipse/arduinoPlugin/tools/arduino/arm-none-eabi-gcc/4.8.3-2014q1/bin/../lib/gcc/arm-none-eabi/4.8.3/../../../../arm-none-eabi/lib/armv6-m/crt0.o (main)
arduino.ar(new.cpp.o)         ./.ino.cpp.o (operator new(unsigned int))
arduino.ar(startup.c.o)       arduino.ar(cortex_handlers.c.o) (SystemInit)
arduino.ar(wiring.c.o)        arduino.ar(main.cpp.o) (init)
arduino.ar(wiring_analog.c.o)
                              arduino.ar(wiring.c.o) (analogReference)
arduino.ar(wiring_digital.c.o)
                              ./.ino.cpp.o (pinMode)
arduino.ar(wiring_private.c.o)
                              ./libraries/Wire/Wire.cpp.o (pinPeripheral)
arduino.ar(dtostrf.c.o)       arduino.ar(WString.cpp.o) (dtostrf)
arduino.ar(PluggableUSB.cpp.o)
                              arduino.ar(USBCore.cpp.o) (PluggableUSB_::getInterface(unsigned char*))
/Users/andri/eclipse/cpp-mars/eclipseArduino.app/Contents/Eclipse/arduinoPlugin/tools/arduino/arm-none-eabi-gcc/4.8.3-2014q1/bin/../lib/gcc/arm-none-eabi/4.8.3/../../../../arm-none-eabi/lib/armv6-m/libm.a(lib_a-s_fpclassify.o)
                              arduino.ar(Print.cpp.o) (__fpclassifyd)
/Users/andri/eclipse/cpp-mars/eclipseArduino.app/Contents/Eclipse/arduinoPlugin/tools/arduino/arm-none-eabi-gcc/4.8.3-2014q1/bin/../lib/gcc/arm-none-eabi/4.8.3/armv6-m/libgcc.a(_thumb1_case_uqi.o)
                              ./WifiManager.cpp.o (__gnu_thumb1_case_uqi)
/Users/andri/eclipse/cpp-mars/eclipseArduino.app/Contents/Eclipse/arduinoPlugin/tools/arduino/arm-none-eabi-gcc/4.8.3-2014q1/bin/../lib/gcc/arm-none-eabi/4.8.3/armv6-m/libgcc.a(_udivsi3.o)
                              ./LedBar.cpp.o (__aeabi_uidiv)
/Users/andri/eclipse/cpp-mars/eclipseArduino.app/Contents/Eclipse/arduinoPlugin/tools/arduino/arm-none-eabi-gcc/4.8.3-2014q1/bin/../lib/gcc/arm-none-eabi/4.8.3/armv6-m/libgcc.a(_divsi3.o)
                              arduino.ar(SERCOM.cpp.o) (__aeabi_idiv)
/Users/andri/eclipse/cpp-mars/eclipseArduino.app/Contents/Eclipse/arduinoPlugin/tools/arduino/arm-none-eabi-gcc/4.8.3-2014q1/bin/../lib/gcc/arm-none-eabi/4.8.3/armv6-m/libgcc.a(_dvmd_tls.o)
                              /Users/andri/eclipse/cpp-mars/eclipseArduino.app/Contents/Eclipse/arduinoPlugin/tools/arduino/arm-none-eabi-gcc/4.8.3-2014q1/bin/../lib/gcc/arm-none-eabi/4.8.3/armv6-m/libgcc.a(_udivsi3.o) (__aeabi_idiv0)
/Users/andri/eclipse/cpp-mars/eclipseArduino.app/Contents/Eclipse/arduinoPlugin/tools/arduino/arm-none-eabi-gcc/4.8.3-2014q1/bin/../lib/gcc/arm-none-eabi/4.8.3/armv6-m/libgcc.a(_arm_cmpdf2.o)
                              arduino.ar(Print.cpp.o) (__aeabi_dcmplt)
/Users/andri/eclipse/cpp-mars/eclipseArduino.app/Contents/Eclipse/arduinoPlugin/tools/arduino/arm-none-eabi-gcc/4.8.3-2014q1/bin/../lib/gcc/arm-none-eabi/4.8.3/armv6-m/libgcc.a(_fixunssfsi.o)
                              ./LedBar.cpp.o (__aeabi_f2uiz)
/Users/andri/eclipse/cpp-mars/eclipseArduino.app/Contents/Eclipse/arduinoPlugin/tools/arduino/arm-none-eabi-gcc/4.8.3-2014q1/bin/../lib/gcc/arm-none-eabi/4.8.3/armv6-m/libgcc.a(_fixunsdfsi.o)
                              arduino.ar(Print.cpp.o) (__aeabi_d2uiz)
/Users/andri/eclipse/cpp-mars/eclipseArduino.app/Contents/Eclipse/arduinoPlugin/tools/arduino/arm-none-eabi-gcc/4.8.3-2014q1/bin/../lib/gcc/arm-none-eabi/4.8.3/armv6-m/libgcc.a(divsf3.o)
                              ./LedBar.cpp.o (__aeabi_fdiv)
/Users/andri/eclipse/cpp-mars/eclipseArduino.app/Contents/Eclipse/arduinoPlugin/tools/arduino/arm-none-eabi-gcc/4.8.3-2014q1/bin/../lib/gcc/arm-none-eabi/4.8.3/armv6-m/libgcc.a(mulsf3.o)
[...]
Memory Configuration

Name             Origin             Length             Attributes
FLASH            0x0000000000002000 0x000000000003e000 xr
RAM              0x0000000020000000 0x0000000000008000 xrw
*default*        0x0000000000000000 0xffffffffffffffff

Linker script and memory map

LOAD /Users/andri/eclipse/cpp-mars/eclipseArduino.app/Contents/Eclipse/arduinoPlugin/tools/arduino/arm-none-eabi-gcc/4.8.3-2014q1/bin/../lib/gcc/arm-none-eabi/4.8.3/armv6-m/crti.o
LOAD /Users/andri/eclipse/cpp-mars/eclipseArduino.app/Contents/Eclipse/arduinoPlugin/tools/arduino/arm-none-eabi-gcc/4.8.3-2014q1/bin/../lib/gcc/arm-none-eabi/4.8.3/armv6-m/crtbegin.o
LOAD /Users/andri/eclipse/cpp-mars/eclipseArduino.app/Contents/Eclipse/arduinoPlugin/tools/arduino/arm-none-eabi-gcc/4.8.3-2014q1/bin/../lib/gcc/arm-none-eabi/4.8.3/../../../../arm-none-eabi/lib/armv6-m/crt0.o
LOAD ./.ino.cpp.o
LOAD ./Adafruit_MPR121.cpp.o
LOAD ./AppSettingsStorage.cpp.o
LOAD ./FlashStorage.cpp.o
LOAD ./GallonUtils.cpp.o
LOAD ./LedBar.cpp.o
LOAD ./NetworkService.cpp.o
LOAD ./Service.cpp.o
LOAD ./TimeService.cpp.o
LOAD ./WifiManager.cpp.o
LOAD ./libraries/Wire/Wire.cpp.o
LOAD ./libraries/WiFi101/src/spi_flash/source/spi_flash.c.o
LOAD ./libraries/WiFi101/src/socket/source/socket.c.o
LOAD ./libraries/WiFi101/src/socket/source/socket_buffer.c.o
LOAD ./libraries/WiFi101/src/driver/source/m2m_hif.c.o
LOAD ./libraries/WiFi101/src/driver/source/m2m_ota.c.o
LOAD ./libraries/WiFi101/src/driver/source/m2m_periph.c.o
LOAD ./libraries/WiFi101/src/driver/source/m2m_wifi.c.o
LOAD ./libraries/WiFi101/src/driver/source/nmasic.c.o
LOAD ./libraries/WiFi101/src/driver/source/nmbus.c.o
LOAD ./libraries/WiFi101/src/driver/source/nmdrv.c.o
LOAD ./libraries/WiFi101/src/driver/source/nmi2c.c.o
LOAD ./libraries/WiFi101/src/driver/source/nmspi.c.o
LOAD ./libraries/WiFi101/src/driver/source/nmuart.c.o
LOAD ./libraries/WiFi101/src/common/source/nm_common.c.o
LOAD ./libraries/WiFi101/src/bus_wrapper/source/nm_bus_wrapper_samd21.cpp.o
LOAD ./libraries/WiFi101/src/bsp/source/nm_bsp_arduino.c.o
LOAD ./libraries/WiFi101/src/bsp/source/nm_bsp_arduino_avr.c.o
LOAD ./libraries/WiFi101/src/WiFi.cpp.o
LOAD ./libraries/WiFi101/src/WiFiClient.cpp.o
LOAD ./libraries/WiFi101/src/WiFiMdnsResponder.cpp.o
LOAD ./libraries/WiFi101/src/WiFiSSLClient.cpp.o
LOAD ./libraries/WiFi101/src/WiFiServer.cpp.o
LOAD ./libraries/WiFi101/src/WiFiUdp.cpp.o
LOAD ./libraries/SPI/SPI.cpp.o
LOAD ./libraries/RTCZero/src/RTCZero.cpp.o
LOAD ./libraries/PubSubClient/src/PubSubClient.cpp.o
LOAD ./libraries/ArduinoJson/src/Internals/Comments.cpp.o
LOAD ./libraries/ArduinoJson/src/Internals/Encoding.cpp.o
LOAD ./libraries/ArduinoJson/src/Internals/IndentedPrint.cpp.o
LOAD ./libraries/ArduinoJson/src/Internals/JsonParser.cpp.o
LOAD ./libraries/ArduinoJson/src/Internals/List.cpp.o
LOAD ./libraries/ArduinoJson/src/Internals/Prettyfier.cpp.o
LOAD ./libraries/ArduinoJson/src/Internals/StaticStringBuilder.cpp.o
LOAD ./libraries/ArduinoJson/src/JsonArray.cpp.o
LOAD ./libraries/ArduinoJson/src/JsonBuffer.cpp.o
LOAD ./libraries/ArduinoJson/src/JsonObject.cpp.o
LOAD ./libraries/ArduinoJson/src/JsonVariant.cpp.o
LOAD arduino.ar
START GROUP
LOAD /Users/andri/eclipse/cpp-mars/eclipseArduino.app/Contents/Eclipse/arduinoPlugin/tools/arduino/arm-none-eabi-gcc/4.8.3-2014q1/bin/../lib/gcc/arm-none-eabi/4.8.3/../../../../arm-none-eabi/lib/armv6-m/libm.a
END GROUP
START GROUP
LOAD /Users/andri/eclipse/cpp-mars/eclipseArduino.app/Contents/Eclipse/arduinoPlugin/tools/arduino/arm-none-eabi-gcc/4.8.3-2014q1/bin/../lib/gcc/arm-none-eabi/4.8.3/armv6-m/libgcc.a
LOAD /Users/andri/eclipse/cpp-mars/eclipseArduino.app/Contents/Eclipse/arduinoPlugin/tools/arduino/arm-none-eabi-gcc/4.8.3-2014q1/bin/../lib/gcc/arm-none-eabi/4.8.3/../../../../arm-none-eabi/lib/armv6-m/libc_s.a
END GROUP
START GROUP
LOAD /Users/andri/eclipse/cpp-mars/eclipseArduino.app/Contents/Eclipse/arduinoPlugin/tools/arduino/arm-none-eabi-gcc/4.8.3-2014q1/bin/../lib/gcc/arm-none-eabi/4.8.3/armv6-m/libgcc.a
LOAD /Users/andri/eclipse/cpp-mars/eclipseArduino.app/Contents/Eclipse/arduinoPlugin/tools/arduino/arm-none-eabi-gcc/4.8.3-2014q1/bin/../lib/gcc/arm-none-eabi/4.8.3/../../../../arm-none-eabi/lib/armv6-m/libc_s.a
LOAD /Users/andri/eclipse/cpp-mars/eclipseArduino.app/Contents/Eclipse/arduinoPlugin/tools/arduino/arm-none-eabi-gcc/4.8.3-2014q1/bin/../lib/gcc/arm-none-eabi/4.8.3/../../../../arm-none-eabi/lib/armv6-m/libnosys.a
END GROUP
START GROUP
LOAD /Users/andri/eclipse/cpp-mars/eclipseArduino.app/Contents/Eclipse/arduinoPlugin/tools/arduino/arm-none-eabi-gcc/4.8.3-2014q1/bin/../lib/gcc/arm-none-eabi/4.8.3/armv6-m/libgcc.a
LOAD /Users/andri/eclipse/cpp-mars/eclipseArduino.app/Contents/Eclipse/arduinoPlugin/tools/arduino/arm-none-eabi-gcc/4.8.3-2014q1/bin/../lib/gcc/arm-none-eabi/4.8.3/../../../../arm-none-eabi/lib/armv6-m/libc_s.a
LOAD /Users/andri/eclipse/cpp-mars/eclipseArduino.app/Contents/Eclipse/arduinoPlugin/tools/arduino/arm-none-eabi-gcc/4.8.3-2014q1/bin/../lib/gcc/arm-none-eabi/4.8.3/../../../../arm-none-eabi/lib/armv6-m/libnosys.a
END GROUP
LOAD /Users/andri/eclipse/cpp-mars/eclipseArduino.app/Contents/Eclipse/arduinoPlugin/tools/arduino/arm-none-eabi-gcc/4.8.3-2014q1/bin/../lib/gcc/arm-none-eabi/4.8.3/armv6-m/crtend.o
LOAD /Users/andri/eclipse/cpp-mars/eclipseArduino.app/Contents/Eclipse/arduinoPlugin/tools/arduino/arm-none-eabi-gcc/4.8.3-2014q1/bin/../lib/gcc/arm-none-eabi/4.8.3/armv6-m/crtn.o

.text           0x0000000000002000    0x10048
 *(.isr_vector)
 .isr_vector    0x0000000000002000       0xb0 arduino.ar(cortex_handlers.c.o)
                0x0000000000002000                exception_table
 *(.text*)
 .text          0x00000000000020b0       0x60 /Users/andri/eclipse/cpp-mars/eclipseArduino.app/Contents/Eclipse/arduinoPlugin/tools/arduino/arm-none-eabi-gcc/4.8.3-2014q1/bin/../lib/gcc/arm-none-eabi/4.8.3/armv6-m/crtbegin.o
 .text._Z15onWifiConnectedb
                0x0000000000002110       0x38 ./.ino.cpp.o
                0x0000000000002110                onWifiConnected(bool)
 .text._Z15onWifiNeedResetb
                0x0000000000002148       0x2c ./.ino.cpp.o
                0x0000000000002148                onWifiNeedReset(bool)
 .text._Z15dispenserLedOffv
                0x0000000000002174       0x34 ./.ino.cpp.o
                0x0000000000002174                dispenserLedOff()
 .text._Z14dispenserLedOnv
                0x00000000000021a8       0x34 ./.ino.cpp.o
                0x00000000000021a8                dispenserLedOn()
 .text._Z24genericButtonInterruptedv
                0x00000000000021dc       0x54 ./.ino.cpp.o
                0x00000000000021dc                genericButtonInterrupted()
 .text._Z11doHardResetv
                0x0000000000002230       0x38 ./.ino.cpp.o
                0x0000000000002230                doHardReset()
 .text._Z30handleGenericButtonLongPressedv
                0x0000000000002268       0x1c ./.ino.cpp.o
                0x0000000000002268                handleGenericButtonLongPressed()
 .text.setup    0x0000000000002284       0xe4 ./.ino.cpp.o
                0x0000000000002284                setup
 .text.loop     0x0000000000002368       0xd4 ./.ino.cpp.o
                0x0000000000002368                loop
 .text.startup._GLOBAL__sub_I_lastHardResetReq
                0x000000000000243c       0xe4 ./.ino.cpp.o
 .text._ZN15Adafruit_MPR121C2Ev
                0x0000000000002520        0x2 ./Adafruit_MPR121.cpp.o
                0x0000000000002520                Adafruit_MPR121::Adafruit_MPR121()
                0x0000000000002520                Adafruit_MPR121::Adafruit_MPR121()
 *fill*         0x0000000000002522        0x2 
 .text._ZN15Adafruit_MPR12113writeRegisterEhh
                0x0000000000002524       0x2c ./Adafruit_MPR121.cpp.o
                0x0000000000002524                Adafruit_MPR121::writeRegister(unsigned char, unsigned char)
 .text._ZN15Adafruit_MPR12113setThresholdsEhh
                0x0000000000002550       0x2a ./Adafruit_MPR121.cpp.o
                0x0000000000002550                Adafruit_MPR121::setThresholds(unsigned char, unsigned char)
 *fill*         0x000000000000257a        0x2 
 .text._ZN15Adafruit_MPR12113readRegister8Eh
                0x000000000000257c       0x3c ./Adafruit_MPR121.cpp.o
                0x000000000000257c                Adafruit_MPR121::readRegister8(unsigned char)
 .text._ZN15Adafruit_MPR1215beginEh
                0x00000000000025b8       0xd2 ./Adafruit_MPR121.cpp.o
                0x00000000000025b8                Adafruit_MPR121::begin(unsigned char)
 *fill*         0x000000000000268a        0x2 
 .text._ZN15Adafruit_MPR12114readRegister16Eh
                0x000000000000268c       0x54 ./Adafruit_MPR121.cpp.o
                0x000000000000268c                Adafruit_MPR121::readRegister16(unsigned char)
 .text._ZN15Adafruit_MPR12112filteredDataEh
                0x00000000000026e0       0x18 ./Adafruit_MPR121.cpp.o
                0x00000000000026e0                Adafruit_MPR121::filteredData(unsigned char)
 .text._ZN10StuffProps4initEv
                0x00000000000026f8       0xcc ./AppSettingsStorage.cpp.o
                0x00000000000026f8                StuffProps::init()
 .text._ZN18AppSettingsStorage4saveEv
                0x00000000000027c4       0x3c ./AppSettingsStorage.cpp.o
                0x00000000000027c4                AppSettingsStorage::save()
 .text._ZN18AppSettingsStorage4initEv
                0x0000000000002800       0x2c ./AppSettingsStorage.cpp.o
                0x0000000000002800                AppSettingsStorage::init()
 .text._ZN18AppSettingsStorage4loadEv
                0x000000000000282c       0xa0 ./AppSettingsStorage.cpp.o
                0x000000000000282c                AppSettingsStorage::load()
 .text.startup._GLOBAL__sub_I_my_flash_store
                0x00000000000028cc       0x18 ./AppSettingsStorage.cpp.o
 .text._ZN10FlashClassC2EPKvm
                0x00000000000028e4       0x30 ./FlashStorage.cpp.o
                0x00000000000028e4                FlashClass::FlashClass(void const*, unsigned long)
                0x00000000000028e4                FlashClass::FlashClass(void const*, unsigned long)
 .text._ZN10FlashClass5writeEPVKvPKvm
                0x0000000000002914       0x94 ./FlashStorage.cpp.o
                0x0000000000002914                FlashClass::write(void const volatile*, void const*, unsigned long)
 .text._ZN10FlashClass5eraseEPVKv
                0x00000000000029a8       0x1c ./FlashStorage.cpp.o
                0x00000000000029a8                FlashClass::erase(void const volatile*)
 .text._ZN10FlashClass5eraseEPVKvm
                0x00000000000029c4       0x24 ./FlashStorage.cpp.o
                0x00000000000029c4                FlashClass::erase(void const volatile*, unsigned long)
 .text._ZN10FlashClass4readEPVKvPvm
                0x00000000000029e8        0xc ./FlashStorage.cpp.o
                0x00000000000029e8                FlashClass::read(void const volatile*, void*, unsigned long)
 .text._Z11parseKeyValPcPA2_S_i
                0x00000000000029f4       0x48 ./GallonUtils.cpp.o
                0x00000000000029f4                parseKeyVal(char*, char* (*) [2], int)
 .text._Z10toStringIp9IPAddress
                0x0000000000002a3c       0x70 ./GallonUtils.cpp.o
                0x0000000000002a3c                toStringIp(IPAddress)
 .text._Z5h2intc
                0x0000000000002aac       0x2a ./GallonUtils.cpp.o
                0x0000000000002aac                h2int(char)
 .text._Z9urldecodePc
                0x0000000000002ad6       0x3c ./GallonUtils.cpp.o
                0x0000000000002ad6                urldecode(char*)
 *fill*         0x0000000000002b12        0x2 
 .text.startup._GLOBAL__sub_I__Z11parseKeyValPcPA2_S_i
                0x0000000000002b14       0x18 ./GallonUtils.cpp.o
 .text._ZN6LedBarC2Eh
                0x0000000000002b2c       0x44 ./LedBar.cpp.o
                0x0000000000002b2c                LedBar::LedBar(unsigned char)
                0x0000000000002b2c                LedBar::LedBar(unsigned char)
 .text._ZN6LedBar8setBlinkEb
                0x0000000000002b70        0x4 ./LedBar.cpp.o
                0x0000000000002b70                LedBar::setBlink(bool)
 .text._ZN6LedBar14startAnimationEv
                0x0000000000002b74       0x14 ./LedBar.cpp.o
                0x0000000000002b74                LedBar::startAnimation()
 .text._ZN6LedBar13stopAnimationEv
                0x0000000000002b88        0xa ./LedBar.cpp.o
                0x0000000000002b88                LedBar::stopAnimation()
 .text._ZN6LedBar11isAnimatingEv
                0x0000000000002b92        0x6 ./LedBar.cpp.o
                0x0000000000002b92                LedBar::isAnimating()
 .text._ZN6LedBar5beginEv
                0x0000000000002b98       0x4c ./LedBar.cpp.o
                0x0000000000002b98                LedBar::begin()
 .text._ZN6LedBar11setBarLevelEh
                0x0000000000002be4       0x60 ./LedBar.cpp.o
                0x0000000000002be4                LedBar::setBarLevel(unsigned char)
 .text._ZN6LedBar13setPercentageEf
                0x0000000000002c44       0x3c ./LedBar.cpp.o
                0x0000000000002c44                LedBar::setPercentage(float)
 .text._ZN6LedBar6allOffEv
                0x0000000000002c80       0x44 ./LedBar.cpp.o
                0x0000000000002c80                LedBar::allOff()
 .text._ZN6LedBar4loopEv
                0x0000000000002cc4       0xa8 ./LedBar.cpp.o
                0x0000000000002cc4                LedBar::loop()
 .text._ZN14NetworkServiceD2Ev
                0x0000000000002d6c       0x20 ./NetworkService.cpp.o
                0x0000000000002d6c                NetworkService::~NetworkService()
                0x0000000000002d6c                NetworkService::~NetworkService()
 .text._ZN14NetworkServiceD0Ev
                0x0000000000002d8c       0x12 ./NetworkService.cpp.o
                0x0000000000002d8c                NetworkService::~NetworkService()
 *fill*         0x0000000000002d9e        0x2 
 .text._ZN14NetworkService12mqttCallbackEPcPhj
                0x0000000000002da0       0x7c ./NetworkService.cpp.o
                0x0000000000002da0                NetworkService::mqttCallback(char*, unsigned char*, unsigned int)
 .text._ZN11ArduinoJson9Internals15BlockJsonBufferINS0_16DefaultAllocatorEE5allocEj
                0x0000000000002e1c       0x52 ./NetworkService.cpp.o
                0x0000000000002e1c                ArduinoJson::Internals::BlockJsonBuffer<ArduinoJson::Internals::DefaultAllocator>::alloc(unsigned int)
 *fill*         0x0000000000002e6e        0x2 
 .text._Z17getDateTimeStringv
                0x0000000000002e70      0x1b4 ./NetworkService.cpp.o
                0x0000000000002e70                getDateTimeString()
 .text._ZN14NetworkServiceC2ER18AppSettingsStorage
                0x0000000000003024       0x14 ./NetworkService.cpp.o
                0x0000000000003024                NetworkService::NetworkService(AppSettingsStorage&)
                0x0000000000003024                NetworkService::NetworkService(AppSettingsStorage&)
 .text._ZN14NetworkService5beginEv
                0x0000000000003038        0x8 ./NetworkService.cpp.o
                0x0000000000003038                NetworkService::begin()
 .text._ZN14NetworkService15setupMqttClientEv
                0x0000000000003040       0x64 ./NetworkService.cpp.o
                0x0000000000003040                NetworkService::setupMqttClient()
 .text._ZN14NetworkService13reconnectMqttEv
                0x00000000000030a4       0xcc ./NetworkService.cpp.o
                0x00000000000030a4                NetworkService::reconnectMqtt()
 .text._ZN14NetworkService15onWifiConnectedEb
                0x0000000000003170       0x10 ./NetworkService.cpp.o
                0x0000000000003170                NetworkService::onWifiConnected(bool)
 .text._ZN14NetworkService22publishTelemetryToMqttEv
                0x0000000000003180      0x204 ./NetworkService.cpp.o
                0x0000000000003180                NetworkService::publishTelemetryToMqtt()
 .text._ZN14NetworkService24onNeedToPublishTelemetryEv
                0x0000000000003384       0x10 ./NetworkService.cpp.o
                0x0000000000003384                NetworkService::onNeedToPublishTelemetry()
 .text._ZN14NetworkService26processCloud2DeviceMessageEv
                0x0000000000003394      0x190 ./NetworkService.cpp.o
                0x0000000000003394                NetworkService::processCloud2DeviceMessage()
 .text._ZN14NetworkService4loopEv
                0x0000000000003524       0xb4 ./NetworkService.cpp.o
                0x0000000000003524                NetworkService::loop()
 .text.startup._GLOBAL__sub_I_mqttPubTopicTemplate
                0x00000000000035d8       0x44 ./NetworkService.cpp.o
 .text._ZN7ServiceD2Ev
                0x000000000000361c        0xc ./Service.cpp.o
                0x000000000000361c                Service::~Service()
                0x000000000000361c                Service::~Service()
 .text._ZN7ServiceD0Ev
                0x0000000000003628       0x18 ./Service.cpp.o
                0x0000000000003628                Service::~Service()
 .text._ZN7ServiceC2ER18AppSettingsStorage
                0x0000000000003640       0x1c ./Service.cpp.o
                0x0000000000003640                Service::Service(AppSettingsStorage&)
                0x0000000000003640                Service::Service(AppSettingsStorage&)
 .text._ZN7Service10startServeEv
                0x000000000000365c        0x6 ./Service.cpp.o
                0x000000000000365c                Service::startServe()
 .text._ZN7Service18onStuffAttrChangedEv
                0x0000000000003662       0x14 ./Service.cpp.o
                0x0000000000003662                Service::onStuffAttrChanged()
 *fill*         0x0000000000003676        0x2 
 .text._ZN7Service21onDispenserLedChangedEb
                0x0000000000003678       0x38 ./Service.cpp.o
                0x0000000000003678                Service::onDispenserLedChanged(bool)
 .text._ZN7Service26doSomethingAboutWaterLevelEt
                0x00000000000036b0       0x70 ./Service.cpp.o
                0x00000000000036b0                Service::doSomethingAboutWaterLevel(unsigned short)
 .text._ZN7Service16_debugStuffPropsE10StuffPropsR5Print
                0x0000000000003720       0x5c ./Service.cpp.o
                0x0000000000003720                Service::_debugStuffProps(StuffProps, Print&)
 .text._ZN7Service5beginEv
                0x000000000000377c       0x94 ./Service.cpp.o
                0x000000000000377c                Service::begin()
 .text._ZN7Service23getWaterLevelPercentageEv
                0x0000000000003810       0xe0 ./Service.cpp.o
                0x0000000000003810                Service::getWaterLevelPercentage()
 .text._ZN7Service4loopEv
                0x00000000000038f0       0x74 ./Service.cpp.o
                0x00000000000038f0                Service::loop()
 .text.startup._GLOBAL__sub_I__ZN7ServiceC2ER18AppSettingsStorage
                0x0000000000003964       0x18 ./Service.cpp.o
 .text._ZN11TimeServiceC2Ei
                0x000000000000397c        0xa ./TimeService.cpp.o
                0x000000000000397c                TimeService::TimeService(int)
                0x000000000000397c                TimeService::TimeService(int)
 .text._ZN11TimeServiceD2Ev
                0x0000000000003986        0x2 ./TimeService.cpp.o
                0x0000000000003986                TimeService::~TimeService()
                0x0000000000003986                TimeService::~TimeService()
 .text._ZN11TimeService16setRealTimeClockEm
                0x0000000000003988       0x3c ./TimeService.cpp.o
                0x0000000000003988                TimeService::setRealTimeClock(unsigned long)
 .text._ZN11TimeService5beginEv
                0x00000000000039c4        0xa ./TimeService.cpp.o
                0x00000000000039c4                TimeService::begin()
 .text._ZN11TimeService6getRtcEv
                0x00000000000039ce        0x4 ./TimeService.cpp.o
                0x00000000000039ce                TimeService::getRtc()
 *fill*         0x00000000000039d2        0x2 
 .text.startup._GLOBAL__sub_I_ntpServerName
                0x00000000000039d4       0x2c ./TimeService.cpp.o
 .text._ZN11TimeService13sendNTPpacketER9IPAddress
                0x0000000000003a00       0x70 ./TimeService.cpp.o
                0x0000000000003a00                TimeService::sendNTPpacket(IPAddress&)
 .text._ZN11TimeService10getNtpTimeEv
                0x0000000000003a70       0xb8 ./TimeService.cpp.o
                0x0000000000003a70                TimeService::getNtpTime()
 .text._ZN11TimeService4syncEv
                0x0000000000003b28       0xac ./TimeService.cpp.o
                0x0000000000003b28                TimeService::sync()
 .text._ZN11TimeService4loopEv
                0x0000000000003bd4       0x54 ./TimeService.cpp.o
                0x0000000000003bd4                TimeService::loop()
 .text._ZN11WifiManagerD2Ev
                0x0000000000003c28       0x1c ./WifiManager.cpp.o
                0x0000000000003c28                WifiManager::~WifiManager()
                0x0000000000003c28                WifiManager::~WifiManager()
 .text._ZN11WifiManagerD0Ev
                0x0000000000003c44       0x12 ./WifiManager.cpp.o
                0x0000000000003c44                WifiManager::~WifiManager()
 *fill*         0x0000000000003c56        0x2 
 .text._ZN11WifiManagerC2ER18AppSettingsStorage
                0x0000000000003c58       0x20 ./WifiManager.cpp.o
                0x0000000000003c58                WifiManager::WifiManager(AppSettingsStorage&)
                0x0000000000003c58                WifiManager::WifiManager(AppSettingsStorage&)
 .text._Z14parseFirstLinePcS_S_
                0x0000000000003c78       0x38 ./WifiManager.cpp.o
                0x0000000000003c78                parseFirstLine(char*, char*, char*)
 .text._Z12parseRequestPciS_S_
                0x0000000000003cb0       0x40 ./WifiManager.cpp.o
                0x0000000000003cb0                parseRequest(char*, int, char*, char*)
 .text._ZN11WifiManager25setOnWifiConnectedHandlerEPFvbE
                0x0000000000003cf0        0x4 ./WifiManager.cpp.o
                0x0000000000003cf0                WifiManager::setOnWifiConnectedHandler(void (*)(bool))
 .text._ZN11WifiManager25setOnResetRequiredHandlerEPFvbE
                0x0000000000003cf4        0x4 ./WifiManager.cpp.o
                0x0000000000003cf4                WifiManager::setOnResetRequiredHandler(void (*)(bool))
 .text._ZN11WifiManager15isWifiConnectedEv
                0x0000000000003cf8       0x12 ./WifiManager.cpp.o
                0x0000000000003cf8                WifiManager::isWifiConnected()
 *fill*         0x0000000000003d0a        0x2 
 .text._ZN11WifiManager15onWifiConnectedEv
                0x0000000000003d0c       0x98 ./WifiManager.cpp.o
                0x0000000000003d0c                WifiManager::onWifiConnected()
 .text._ZN11WifiManager16tryToConnectWifiEv
                0x0000000000003da4       0x80 ./WifiManager.cpp.o
                0x0000000000003da4                WifiManager::tryToConnectWifi()
 .text._ZN11WifiManager14setupWebServerEv
                0x0000000000003e24       0x24 ./WifiManager.cpp.o
                0x0000000000003e24                WifiManager::setupWebServer()
 .text._ZN11WifiManager16setupAccessPointEv
                0x0000000000003e48       0x7c ./WifiManager.cpp.o
                0x0000000000003e48                WifiManager::setupAccessPoint()
 .text._ZN11WifiManager18onWifiNotConnectedEv
                0x0000000000003ec4       0x24 ./WifiManager.cpp.o
                0x0000000000003ec4                WifiManager::onWifiNotConnected()
 .text._ZN11WifiManager13checkWifiConnEv
                0x0000000000003ee8       0x88 ./WifiManager.cpp.o
                0x0000000000003ee8                WifiManager::checkWifiConn()
 .text._ZN11WifiManager12_debugConfigE11StuffConfigR5Print
                0x0000000000003f70       0x84 ./WifiManager.cpp.o
                0x0000000000003f70                WifiManager::_debugConfig(StuffConfig, Print&)
 .text._ZN11WifiManager5beginEv
                0x0000000000003ff4       0x74 ./WifiManager.cpp.o
                0x0000000000003ff4                WifiManager::begin()
 .text._ZN11WifiManager13handleGetRootE10WiFiClient
                0x0000000000004068       0xa4 ./WifiManager.cpp.o
                0x0000000000004068                WifiManager::handleGetRoot(WiFiClient)
 .text._ZN11WifiManager19handleGetAPListJsonE10WiFiClient
                0x000000000000410c      0x204 ./WifiManager.cpp.o
                0x000000000000410c                WifiManager::handleGetAPListJson(WiFiClient)
 .text._ZN11WifiManager14handleNotFoundE10WiFiClient
                0x0000000000004310       0x44 ./WifiManager.cpp.o
                0x0000000000004310                WifiManager::handleNotFound(WiFiClient)
 .text._ZN11WifiManager15handleSetupWifiE6String10WiFiClient
                0x0000000000004354      0x22c ./WifiManager.cpp.o
                0x0000000000004354                WifiManager::handleSetupWifi(String, WiFiClient)
 .text._ZN11WifiManager9handleGetE6String10WiFiClient
                0x0000000000004580       0xe0 ./WifiManager.cpp.o
                0x0000000000004580                WifiManager::handleGet(String, WiFiClient)
 .text.startup._GLOBAL__sub_I__ZN11WifiManagerC2ER18AppSettingsStorage
                0x0000000000004660       0x18 ./WifiManager.cpp.o
 .text._ZN11WifiManager18processHttpRequestEv
                0x0000000000004678      0x1b4 ./WifiManager.cpp.o
                0x0000000000004678                WifiManager::processHttpRequest()
 .text._ZN11WifiManager4loopEv
                0x000000000000482c       0x78 ./WifiManager.cpp.o
                0x000000000000482c                WifiManager::loop()
 .text._ZN7TwoWire5writeEPKhj
                0x00000000000048a4       0x24 ./libraries/Wire/Wire.cpp.o
                0x00000000000048a4                TwoWire::write(unsigned char const*, unsigned int)
 .text._ZN7TwoWire5flushEv
                0x00000000000048c8        0x2 ./libraries/Wire/Wire.cpp.o
                0x00000000000048c8                TwoWire::flush()
 .text._ZN7TwoWire4readEv
                0x00000000000048ca        0xa ./libraries/Wire/Wire.cpp.o
                0x00000000000048ca                TwoWire::read()
 .text._ZN7TwoWire9availableEv
                0x00000000000048d4        0xa ./libraries/Wire/Wire.cpp.o
                0x00000000000048d4                TwoWire::available()
 .text._ZN7TwoWire4peekEv
                0x00000000000048de        0xa ./libraries/Wire/Wire.cpp.o
                0x00000000000048de                TwoWire::peek()
 .text._ZN7TwoWire5writeEh
                0x00000000000048e8       0x3c ./libraries/Wire/Wire.cpp.o
                0x00000000000048e8                TwoWire::write(unsigned char)
 .text._ZN7TwoWireC2EP6SERCOMhh
                0x0000000000004924       0x3c ./libraries/Wire/Wire.cpp.o
                0x0000000000004924                TwoWire::TwoWire(SERCOM*, unsigned char, unsigned char)
                0x0000000000004924                TwoWire::TwoWire(SERCOM*, unsigned char, unsigned char)
 .text._ZN7TwoWire5beginEv
                0x0000000000004960       0x40 ./libraries/Wire/Wire.cpp.o
                0x0000000000004960                TwoWire::begin()
 .text._ZN7TwoWire11requestFromEhjb
                0x00000000000049a0       0x6c ./libraries/Wire/Wire.cpp.o
                0x00000000000049a0                TwoWire::requestFrom(unsigned char, unsigned int, bool)
 .text._ZN7TwoWire11requestFromEhj
                0x0000000000004a0c        0xa ./libraries/Wire/Wire.cpp.o
                0x0000000000004a0c                TwoWire::requestFrom(unsigned char, unsigned int)
 .text._ZN7TwoWire17beginTransmissionEh
                0x0000000000004a16       0x16 ./libraries/Wire/Wire.cpp.o
                0x0000000000004a16                TwoWire::beginTransmission(unsigned char)
 .text._ZN7TwoWire15endTransmissionEb
                0x0000000000004a2c       0x66 ./libraries/Wire/Wire.cpp.o
                0x0000000000004a2c                TwoWire::endTransmission(bool)
 .text._ZN7TwoWire15endTransmissionEv
                0x0000000000004a92        0xa ./libraries/Wire/Wire.cpp.o
                0x0000000000004a92                TwoWire::endTransmission()
 .text._ZN7TwoWire9onServiceEv
                0x0000000000004a9c       0xd8 ./libraries/Wire/Wire.cpp.o
                0x0000000000004a9c                TwoWire::onService()
 .text.SERCOM0_Handler
                0x0000000000004b74       0x10 ./libraries/Wire/Wire.cpp.o
                0x0000000000004b74                SERCOM0_Handler
 .text.startup._GLOBAL__sub_I__ZN7TwoWireC2EP6SERCOMhh
                0x0000000000004b84       0x18 ./libraries/Wire/Wire.cpp.o
 .text.spi_flash_enable
                0x0000000000004b9c       0xd8 ./libraries/WiFi101/src/spi_flash/source/spi_flash.c.o
                0x0000000000004b9c                spi_flash_enable
 .text.Socket_ReadSocketData
                0x0000000000004c74       0xc0 ./libraries/WiFi101/src/socket/source/socket.c.o
                0x0000000000004c74                Socket_ReadSocketData
 .text.m2m_ip_cb
                0x0000000000004d34      0x270 ./libraries/WiFi101/src/socket/source/socket.c.o
 .text.Socket_ReadSocketData_Small
                0x0000000000004fa4       0xb8 ./libraries/WiFi101/src/socket/source/socket.c.o
                0x0000000000004fa4                Socket_ReadSocketData_Small
 .text.socketInit
                0x000000000000505c       0x38 ./libraries/WiFi101/src/socket/source/socket.c.o
                0x000000000000505c                socketInit
 .text.registerSocketCallback
                0x0000000000005094       0x14 ./libraries/WiFi101/src/socket/source/socket.c.o
                0x0000000000005094                registerSocketCallback
 .text.socket   0x00000000000050a8       0x94 ./libraries/WiFi101/src/socket/source/socket.c.o
                0x00000000000050a8                socket
 .text.bind     0x000000000000513c       0x58 ./libraries/WiFi101/src/socket/source/socket.c.o
                0x000000000000513c                bind
 .text.listen   0x0000000000005194       0x48 ./libraries/WiFi101/src/socket/source/socket.c.o
                0x0000000000005194                listen
 .text.connectSocket
                0x00000000000051dc       0x70 ./libraries/WiFi101/src/socket/source/socket.c.o
                0x00000000000051dc                connectSocket
 .text.send     0x000000000000524c       0x7c ./libraries/WiFi101/src/socket/source/socket.c.o
                0x000000000000524c                send
 .text.sendto   0x00000000000052c8       0x8c ./libraries/WiFi101/src/socket/source/socket.c.o
                0x00000000000052c8                sendto
 .text.recv     0x0000000000005354       0x80 ./libraries/WiFi101/src/socket/source/socket.c.o
                0x0000000000005354                recv
 .text.close    0x00000000000053d4       0x60 ./libraries/WiFi101/src/socket/source/socket.c.o
                0x00000000000053d4                close
 .text.recvfrom
                0x0000000000005434       0x84 ./libraries/WiFi101/src/socket/source/socket.c.o
                0x0000000000005434                recvfrom
 .text.gethostbyname
                0x00000000000054b8       0x34 ./libraries/WiFi101/src/socket/source/socket.c.o
                0x00000000000054b8                gethostbyname
 .text.setsockopt
                0x00000000000054ec       0xf0 ./libraries/WiFi101/src/socket/source/socket.c.o
                0x00000000000054ec                setsockopt
 .text.socketBufferInit
                0x00000000000055dc       0x14 ./libraries/WiFi101/src/socket/source/socket_buffer.c.o
                0x00000000000055dc                socketBufferInit
 .text.socketBufferRegister
                0x00000000000055f0       0x18 ./libraries/WiFi101/src/socket/source/socket_buffer.c.o
                0x00000000000055f0                socketBufferRegister
 .text.socketBufferUnregister
                0x0000000000005608       0x18 ./libraries/WiFi101/src/socket/source/socket_buffer.c.o
                0x0000000000005608                socketBufferUnregister
 .text.socketBufferCb
                0x0000000000005620      0x208 ./libraries/WiFi101/src/socket/source/socket_buffer.c.o
                0x0000000000005620                socketBufferCb
 .text.isr      0x0000000000005828       0x10 ./libraries/WiFi101/src/driver/source/m2m_hif.c.o
 .text.m2m_hif_cb
                0x0000000000005838        0x2 ./libraries/WiFi101/src/driver/source/m2m_hif.c.o
 *fill*         0x000000000000583a        0x2 
 .text.hif_set_rx_done
                0x000000000000583c       0x2c ./libraries/WiFi101/src/driver/source/m2m_hif.c.o
 .text.hif_chip_wake
                0x0000000000005868       0x4c ./libraries/WiFi101/src/driver/source/m2m_hif.c.o
                0x0000000000005868                hif_chip_wake
 .text.hif_chip_sleep
                0x00000000000058b4       0x6c ./libraries/WiFi101/src/driver/source/m2m_hif.c.o
                0x00000000000058b4                hif_chip_sleep
 .text.hif_init
                0x0000000000005920       0x48 ./libraries/WiFi101/src/driver/source/m2m_hif.c.o
                0x0000000000005920                hif_init
 .text.hif_send
                0x0000000000005968      0x174 ./libraries/WiFi101/src/driver/source/m2m_hif.c.o
                0x0000000000005968                hif_send
 .text.hif_handle_isr
                0x0000000000005adc      0x150 ./libraries/WiFi101/src/driver/source/m2m_hif.c.o
                0x0000000000005adc                hif_handle_isr
 .text.hif_receive
                0x0000000000005c2c       0x90 ./libraries/WiFi101/src/driver/source/m2m_hif.c.o
                0x0000000000005c2c                hif_receive
 .text.hif_register_cb
                0x0000000000005cbc       0x50 ./libraries/WiFi101/src/driver/source/m2m_hif.c.o
                0x0000000000005cbc                hif_register_cb
 .text.get_gpio_idx
                0x0000000000005d0c       0x3a ./libraries/WiFi101/src/driver/source/m2m_periph.c.o
 .text.m2m_periph_gpio_set_dir
                0x0000000000005d46       0x28 ./libraries/WiFi101/src/driver/source/m2m_periph.c.o
                0x0000000000005d46                m2m_periph_gpio_set_dir
 .text.m2m_periph_gpio_set_val
                0x0000000000005d6e       0x28 ./libraries/WiFi101/src/driver/source/m2m_periph.c.o
                0x0000000000005d6e                m2m_periph_gpio_set_val
 *fill*         0x0000000000005d96        0x2 
 .text.m2m_wifi_cb
                0x0000000000005d98      0x15c ./libraries/WiFi101/src/driver/source/m2m_wifi.c.o
 .text.m2m_validate_ap_parameters
                0x0000000000005ef4       0x82 ./libraries/WiFi101/src/driver/source/m2m_wifi.c.o
 *fill*         0x0000000000005f76        0x2 
 .text.m2m_wifi_init
                0x0000000000005f78       0x60 ./libraries/WiFi101/src/driver/source/m2m_wifi.c.o
                0x0000000000005f78                m2m_wifi_init
 .text.m2m_wifi_handle_events
                0x0000000000005fd8       0x2c ./libraries/WiFi101/src/driver/source/m2m_wifi.c.o
                0x0000000000005fd8                m2m_wifi_handle_events
 .text.m2m_wifi_connect_sc
                0x0000000000006004      0x108 ./libraries/WiFi101/src/driver/source/m2m_wifi.c.o
                0x0000000000006004                m2m_wifi_connect_sc
 .text.m2m_wifi_connect
                0x000000000000610c       0x12 ./libraries/WiFi101/src/driver/source/m2m_wifi.c.o
                0x000000000000610c                m2m_wifi_connect
 .text.m2m_wifi_disconnect
                0x000000000000611e       0x18 ./libraries/WiFi101/src/driver/source/m2m_wifi.c.o
                0x000000000000611e                m2m_wifi_disconnect
 *fill*         0x0000000000006136        0x2 
 .text.m2m_wifi_request_scan
                0x0000000000006138       0x48 ./libraries/WiFi101/src/driver/source/m2m_wifi.c.o
                0x0000000000006138                m2m_wifi_request_scan
 .text.m2m_wifi_enable_ap
                0x0000000000006180       0x28 ./libraries/WiFi101/src/driver/source/m2m_wifi.c.o
                0x0000000000006180                m2m_wifi_enable_ap
 .text.m2m_wifi_req_scan_result
                0x00000000000061a8       0x1c ./libraries/WiFi101/src/driver/source/m2m_wifi.c.o
                0x00000000000061a8                m2m_wifi_req_scan_result
 .text.m2m_wifi_get_num_ap_found
                0x00000000000061c4        0xc ./libraries/WiFi101/src/driver/source/m2m_wifi.c.o
                0x00000000000061c4                m2m_wifi_get_num_ap_found
 .text.chip_apply_conf
                0x00000000000061d0       0x2e ./libraries/WiFi101/src/driver/source/nmasic.c.o
                0x00000000000061d0                chip_apply_conf
 *fill*         0x00000000000061fe        0x2 
 .text.nm_clkless_wake
                0x0000000000006200       0xb4 ./libraries/WiFi101/src/driver/source/nmasic.c.o
                0x0000000000006200                nm_clkless_wake
 .text.enable_interrupts
                0x00000000000062b4       0x54 ./libraries/WiFi101/src/driver/source/nmasic.c.o
                0x00000000000062b4                enable_interrupts
 .text.nmi_get_chipid
                0x0000000000006308       0xac ./libraries/WiFi101/src/driver/source/nmasic.c.o
                0x0000000000006308                nmi_get_chipid
 .text.wait_for_bootrom
                0x00000000000063b4       0xc4 ./libraries/WiFi101/src/driver/source/nmasic.c.o
                0x00000000000063b4                wait_for_bootrom
 .text.wait_for_firmware_start
                0x0000000000006478       0x60 ./libraries/WiFi101/src/driver/source/nmasic.c.o
                0x0000000000006478                wait_for_firmware_start
 .text.chip_deinit
                0x00000000000064d8       0x5c ./libraries/WiFi101/src/driver/source/nmasic.c.o
                0x00000000000064d8                chip_deinit
 .text.set_gpio_dir
                0x0000000000006534       0x34 ./libraries/WiFi101/src/driver/source/nmasic.c.o
                0x0000000000006534                set_gpio_dir
 .text.set_gpio_val
                0x0000000000006568       0x34 ./libraries/WiFi101/src/driver/source/nmasic.c.o
                0x0000000000006568                set_gpio_val
 .text.nm_bus_iface_init
                0x000000000000659c        0x8 ./libraries/WiFi101/src/driver/source/nmbus.c.o
                0x000000000000659c                nm_bus_iface_init
 .text.nm_bus_iface_deinit
                0x00000000000065a4        0x8 ./libraries/WiFi101/src/driver/source/nmbus.c.o
                0x00000000000065a4                nm_bus_iface_deinit
 .text.nm_read_reg
                0x00000000000065ac        0x8 ./libraries/WiFi101/src/driver/source/nmbus.c.o
                0x00000000000065ac                nm_read_reg
 .text.nm_read_reg_with_ret
                0x00000000000065b4        0x8 ./libraries/WiFi101/src/driver/source/nmbus.c.o
                0x00000000000065b4                nm_read_reg_with_ret
 .text.nm_write_reg
                0x00000000000065bc        0x8 ./libraries/WiFi101/src/driver/source/nmbus.c.o
                0x00000000000065bc                nm_write_reg
 .text.nm_read_block
                0x00000000000065c4       0x40 ./libraries/WiFi101/src/driver/source/nmbus.c.o
                0x00000000000065c4                nm_read_block
 .text.nm_write_block
                0x0000000000006604       0x40 ./libraries/WiFi101/src/driver/source/nmbus.c.o
                0x0000000000006604                nm_write_block
 .text.nm_get_firmware_info
                0x0000000000006644       0xa0 ./libraries/WiFi101/src/driver/source/nmdrv.c.o
                0x0000000000006644                nm_get_firmware_info
 .text.nm_drv_init
                0x00000000000066e4       0x4a ./libraries/WiFi101/src/driver/source/nmdrv.c.o
                0x00000000000066e4                nm_drv_init
 .text.nm_drv_deinit
                0x000000000000672e       0x22 ./libraries/WiFi101/src/driver/source/nmdrv.c.o
                0x000000000000672e                nm_drv_deinit
 .text.nmi_spi_read
                0x0000000000006750       0x18 ./libraries/WiFi101/src/driver/source/nmspi.c.o
 .text.spi_cmd_rsp
                0x0000000000006768       0x68 ./libraries/WiFi101/src/driver/source/nmspi.c.o
 .text.spi_data_read
                0x00000000000067d0       0x8c ./libraries/WiFi101/src/driver/source/nmspi.c.o
 .text.nmi_spi_write
                0x000000000000685c       0x18 ./libraries/WiFi101/src/driver/source/nmspi.c.o
 .text.spi_cmd  0x0000000000006874      0x108 ./libraries/WiFi101/src/driver/source/nmspi.c.o
 .text.spi_write_reg
                0x000000000000697c       0x48 ./libraries/WiFi101/src/driver/source/nmspi.c.o
 .text.spi_read_reg
                0x00000000000069c4       0x74 ./libraries/WiFi101/src/driver/source/nmspi.c.o
 .text.nm_spi_deinit
                0x0000000000006a38        0xc ./libraries/WiFi101/src/driver/source/nmspi.c.o
                0x0000000000006a38                nm_spi_deinit
 .text.nm_spi_read_reg
                0x0000000000006a44        0xc ./libraries/WiFi101/src/driver/source/nmspi.c.o
                0x0000000000006a44                nm_spi_read_reg
 .text.nm_spi_read_reg_with_ret
                0x0000000000006a50       0x14 ./libraries/WiFi101/src/driver/source/nmspi.c.o
                0x0000000000006a50                nm_spi_read_reg_with_ret
 .text.nm_spi_write_reg
                0x0000000000006a64       0x14 ./libraries/WiFi101/src/driver/source/nmspi.c.o
                0x0000000000006a64                nm_spi_write_reg
 .text.nm_spi_init
                0x0000000000006a78       0x80 ./libraries/WiFi101/src/driver/source/nmspi.c.o
                0x0000000000006a78                nm_spi_init
 .text.nm_spi_read_block
                0x0000000000006af8       0x4c ./libraries/WiFi101/src/driver/source/nmspi.c.o
                0x0000000000006af8                nm_spi_read_block
 .text.nm_spi_write_block
                0x0000000000006b44       0xc8 ./libraries/WiFi101/src/driver/source/nmspi.c.o
                0x0000000000006b44                nm_spi_write_block
 .text.m2m_memcpy
                0x0000000000006c0c       0x12 ./libraries/WiFi101/src/common/source/nm_common.c.o
                0x0000000000006c0c                m2m_memcpy
 .text.m2m_memset
                0x0000000000006c1e       0x10 ./libraries/WiFi101/src/common/source/nm_common.c.o
                0x0000000000006c1e                m2m_memset
 .text.m2m_strlen
                0x0000000000006c2e       0x14 ./libraries/WiFi101/src/common/source/nm_common.c.o
                0x0000000000006c2e                m2m_strlen
 *fill*         0x0000000000006c42        0x2 
 .text.nm_bus_init
                0x0000000000006c44       0x2c ./libraries/WiFi101/src/bus_wrapper/source/nm_bus_wrapper_samd21.cpp.o
                0x0000000000006c44                nm_bus_init
 .text.nm_bus_ioctl
                0x0000000000006c70       0x8c ./libraries/WiFi101/src/bus_wrapper/source/nm_bus_wrapper_samd21.cpp.o
                0x0000000000006c70                nm_bus_ioctl
 .text.nm_bus_deinit
                0x0000000000006cfc       0x10 ./libraries/WiFi101/src/bus_wrapper/source/nm_bus_wrapper_samd21.cpp.o
                0x0000000000006cfc                nm_bus_deinit
 .text.startup._GLOBAL__sub_I_egstrNmBusCapabilities
                0x0000000000006d0c       0x18 ./libraries/WiFi101/src/bus_wrapper/source/nm_bus_wrapper_samd21.cpp.o
 .text.chip_isr
                0x0000000000006d24       0x14 ./libraries/WiFi101/src/bsp/source/nm_bsp_arduino.c.o
 .text.attachInterruptMultiArch
                0x0000000000006d38        0x8 ./libraries/WiFi101/src/bsp/source/nm_bsp_arduino.c.o
                0x0000000000006d38                attachInterruptMultiArch
 .text.detachInterruptMultiArch
                0x0000000000006d40        0x8 ./libraries/WiFi101/src/bsp/source/nm_bsp_arduino.c.o
                0x0000000000006d40                detachInterruptMultiArch
 .text.nm_bsp_sleep
                0x0000000000006d48       0x14 ./libraries/WiFi101/src/bsp/source/nm_bsp_arduino.c.o
                0x0000000000006d48                nm_bsp_sleep
 .text.nm_bsp_reset
                0x0000000000006d5c       0x20 ./libraries/WiFi101/src/bsp/source/nm_bsp_arduino.c.o
                0x0000000000006d5c                nm_bsp_reset
 .text.nm_bsp_init
                0x0000000000006d7c       0x2c ./libraries/WiFi101/src/bsp/source/nm_bsp_arduino.c.o
                0x0000000000006d7c                nm_bsp_init
 .text.nm_bsp_register_isr
                0x0000000000006da8       0x1c ./libraries/WiFi101/src/bsp/source/nm_bsp_arduino.c.o
                0x0000000000006da8                nm_bsp_register_isr
 .text.nm_bsp_interrupt_ctrl
                0x0000000000006dc4       0x20 ./libraries/WiFi101/src/bsp/source/nm_bsp_arduino.c.o
                0x0000000000006dc4                nm_bsp_interrupt_ctrl
 .text._ZL10resolve_cbPhm
                0x0000000000006de4        0xc ./libraries/WiFi101/src/WiFi.cpp.o
 .text._ZL7wifi_cbhPv
                0x0000000000006df0      0x15c ./libraries/WiFi101/src/WiFi.cpp.o
 .text._ZN9WiFiClass4initEv
                0x0000000000006f4c       0xc4 ./libraries/WiFi101/src/WiFi.cpp.o
                0x0000000000006f4c                WiFiClass::init()
 .text._ZN9WiFiClass12startConnectEPKchPKv
                0x0000000000007010       0xa0 ./libraries/WiFi101/src/WiFi.cpp.o
                0x0000000000007010                WiFiClass::startConnect(char const*, unsigned char, void const*)
 .text._ZN9WiFiClass5beginEPKcS1_
                0x00000000000070b0        0xc ./libraries/WiFi101/src/WiFi.cpp.o
                0x00000000000070b0                WiFiClass::begin(char const*, char const*)
 .text._ZN9WiFiClass7startAPEPKchPKvh
                0x00000000000070bc       0xd8 ./libraries/WiFi101/src/WiFi.cpp.o
                0x00000000000070bc                WiFiClass::startAP(char const*, unsigned char, void const*, unsigned char)
 .text._ZN9WiFiClass7beginAPEPch
                0x0000000000007194        0xe ./libraries/WiFi101/src/WiFi.cpp.o
                0x0000000000007194                WiFiClass::beginAP(char*, unsigned char)
 .text._ZN9WiFiClass10disconnectEv
                0x00000000000071a2       0x18 ./libraries/WiFi101/src/WiFi.cpp.o
                0x00000000000071a2                WiFiClass::disconnect()
 .text._ZN9WiFiClass7localIPEv
                0x00000000000071ba        0x4 ./libraries/WiFi101/src/WiFi.cpp.o
                0x00000000000071ba                WiFiClass::localIP()
 *fill*         0x00000000000071be        0x2 
 .text._ZN9WiFiClass12scanNetworksEv
                0x00000000000071c0       0x58 ./libraries/WiFi101/src/WiFi.cpp.o
                0x00000000000071c0                WiFiClass::scanNetworks()
 .text._ZN9WiFiClass4SSIDEh
                0x0000000000007218       0x5c ./libraries/WiFi101/src/WiFi.cpp.o
                0x0000000000007218                WiFiClass::SSID(unsigned char)
 .text._ZN9WiFiClass4RSSIEh
                0x0000000000007274       0x48 ./libraries/WiFi101/src/WiFi.cpp.o
                0x0000000000007274                WiFiClass::RSSI(unsigned char)
 .text._ZN9WiFiClass14encryptionTypeEh
                0x00000000000072bc       0x4c ./libraries/WiFi101/src/WiFi.cpp.o
                0x00000000000072bc                WiFiClass::encryptionType(unsigned char)
 .text._ZN9WiFiClass6statusEv
                0x0000000000007308       0x18 ./libraries/WiFi101/src/WiFi.cpp.o
                0x0000000000007308                WiFiClass::status()
 .text._ZN9WiFiClass10hostByNameEPKcR9IPAddress
                0x0000000000007320       0x90 ./libraries/WiFi101/src/WiFi.cpp.o
                0x0000000000007320                WiFiClass::hostByName(char const*, IPAddress&)
 .text.startup._GLOBAL__sub_I__ZN9WiFiClassC2Ev
                0x00000000000073b0       0x28 ./libraries/WiFi101/src/WiFi.cpp.o
 .text._ZN10WiFiClient5writeEh
                0x00000000000073d8       0x14 ./libraries/WiFi101/src/WiFiClient.cpp.o
                0x00000000000073d8                WiFiClient::write(unsigned char)
 .text._ZN10WiFiClient4readEv
                0x00000000000073ec       0x18 ./libraries/WiFi101/src/WiFiClient.cpp.o
                0x00000000000073ec                WiFiClient::read()
 .text._ZN10WiFiClient4peekEv
                0x0000000000007404       0x1e ./libraries/WiFi101/src/WiFiClient.cpp.o
                0x0000000000007404                WiFiClient::peek()
 .text._ZN10WiFiClient5flushEv
                0x0000000000007422       0x1c ./libraries/WiFi101/src/WiFiClient.cpp.o
                0x0000000000007422                WiFiClient::flush()
 .text._ZN10WiFiClientcvbEv
                0x000000000000743e        0xe ./libraries/WiFi101/src/WiFiClient.cpp.o
                0x000000000000743e                WiFiClient::operator bool()
 .text._ZN10WiFiClient9availableEv
                0x000000000000744c       0x1e ./libraries/WiFi101/src/WiFiClient.cpp.o
                0x000000000000744c                WiFiClient::available()
 .text._ZN10WiFiClient4readEPhj
                0x000000000000746a       0x6a ./libraries/WiFi101/src/WiFiClient.cpp.o
                0x000000000000746a                WiFiClient::read(unsigned char*, unsigned int)
 .text._ZN10WiFiClient9connectedEv
                0x00000000000074d4       0x20 ./libraries/WiFi101/src/WiFiClient.cpp.o
                0x00000000000074d4                WiFiClient::connected()
 .text._ZN10WiFiClient4stopEv
                0x00000000000074f4       0x22 ./libraries/WiFi101/src/WiFiClient.cpp.o
                0x00000000000074f4                WiFiClient::stop()
 .text._ZN10WiFiClient5writeEPKhj
                0x0000000000007516       0x70 ./libraries/WiFi101/src/WiFiClient.cpp.o
                0x0000000000007516                WiFiClient::write(unsigned char const*, unsigned int)
 *fill*         0x0000000000007586        0x2 
 .text._ZN10WiFiClientC2Ev
                0x0000000000007588       0x20 ./libraries/WiFi101/src/WiFiClient.cpp.o
                0x0000000000007588                WiFiClient::WiFiClient()
                0x0000000000007588                WiFiClient::WiFiClient()
 .text._ZN10WiFiClientC2Ehh
                0x00000000000075a8       0x84 ./libraries/WiFi101/src/WiFiClient.cpp.o
                0x00000000000075a8                WiFiClient::WiFiClient(unsigned char, unsigned char)
                0x00000000000075a8                WiFiClient::WiFiClient(unsigned char, unsigned char)
 .text._ZN10WiFiClient8copyFromERKS_
                0x000000000000762c       0x80 ./libraries/WiFi101/src/WiFiClient.cpp.o
                0x000000000000762c                WiFiClient::copyFrom(WiFiClient const&)
 .text._ZN10WiFiClientC2ERKS_
                0x00000000000076ac       0x20 ./libraries/WiFi101/src/WiFiClient.cpp.o
                0x00000000000076ac                WiFiClient::WiFiClient(WiFiClient const&)
                0x00000000000076ac                WiFiClient::WiFiClient(WiFiClient const&)
 .text._ZN10WiFiClientaSERKS_
                0x00000000000076cc        0xc ./libraries/WiFi101/src/WiFiClient.cpp.o
                0x00000000000076cc                WiFiClient::operator=(WiFiClient const&)
 .text._ZN10WiFiClient7connectE9IPAddressthPKh
                0x00000000000076d8       0xbc ./libraries/WiFi101/src/WiFiClient.cpp.o
                0x00000000000076d8                WiFiClient::connect(IPAddress, unsigned short, unsigned char, unsigned char const*)
 .text._ZN10WiFiClient10connectSSLE9IPAddresst
                0x0000000000007794       0x20 ./libraries/WiFi101/src/WiFiClient.cpp.o
                0x0000000000007794                WiFiClient::connectSSL(IPAddress, unsigned short)
 .text._ZN10WiFiClient7connectE9IPAddresst
                0x00000000000077b4       0x1c ./libraries/WiFi101/src/WiFiClient.cpp.o
                0x00000000000077b4                WiFiClient::connect(IPAddress, unsigned short)
 .text._ZN10WiFiClient7connectEPKcth
                0x00000000000077d0       0x44 ./libraries/WiFi101/src/WiFiClient.cpp.o
                0x00000000000077d0                WiFiClient::connect(char const*, unsigned short, unsigned char)
 .text._ZN10WiFiClient10connectSSLEPKct
                0x0000000000007814        0xa ./libraries/WiFi101/src/WiFiClient.cpp.o
                0x0000000000007814                WiFiClient::connectSSL(char const*, unsigned short)
 .text._ZN10WiFiClient7connectEPKct
                0x000000000000781e        0xa ./libraries/WiFi101/src/WiFiClient.cpp.o
                0x000000000000781e                WiFiClient::connect(char const*, unsigned short)
 .text.startup._GLOBAL__sub_I__ZN10WiFiClientC2Ev
                0x0000000000007828       0x18 ./libraries/WiFi101/src/WiFiClient.cpp.o
 .text.startup._GLOBAL__sub_I__ZN17WiFiMDNSResponderC2Ev
                0x0000000000007840       0x18 ./libraries/WiFi101/src/WiFiMdnsResponder.cpp.o
 .text._ZN13WiFiSSLClient7connectE9IPAddresst
                0x0000000000007858       0x18 ./libraries/WiFi101/src/WiFiSSLClient.cpp.o
                0x0000000000007858                WiFiSSLClient::connect(IPAddress, unsigned short)
 .text._ZN13WiFiSSLClient7connectEPKct
                0x0000000000007870        0x8 ./libraries/WiFi101/src/WiFiSSLClient.cpp.o
                0x0000000000007870                WiFiSSLClient::connect(char const*, unsigned short)
 .text._ZN13WiFiSSLClientC2Ev
                0x0000000000007878       0x18 ./libraries/WiFi101/src/WiFiSSLClient.cpp.o
                0x0000000000007878                WiFiSSLClient::WiFiSSLClient()
                0x0000000000007878                WiFiSSLClient::WiFiSSLClient()
 .text.startup._GLOBAL__sub_I__ZN13WiFiSSLClientC2Ev
                0x0000000000007890       0x18 ./libraries/WiFi101/src/WiFiSSLClient.cpp.o
 .text._ZN10WiFiServer5writeEh
                0x00000000000078a8       0x14 ./libraries/WiFi101/src/WiFiServer.cpp.o
                0x00000000000078a8                WiFiServer::write(unsigned char)
 .text._ZN10WiFiServer5writeEPKhj
                0x00000000000078bc       0x40 ./libraries/WiFi101/src/WiFiServer.cpp.o
                0x00000000000078bc                WiFiServer::write(unsigned char const*, unsigned int)
 .text._ZN10WiFiServerC2Et
                0x00000000000078fc       0x14 ./libraries/WiFi101/src/WiFiServer.cpp.o
                0x00000000000078fc                WiFiServer::WiFiServer(unsigned short)
                0x00000000000078fc                WiFiServer::WiFiServer(unsigned short)
 .text._ZN10WiFiServer5beginEh
                0x0000000000007910       0x94 ./libraries/WiFi101/src/WiFiServer.cpp.o
                0x0000000000007910                WiFiServer::begin(unsigned char)
 .text._ZN10WiFiServer5beginEv
                0x00000000000079a4        0xa ./libraries/WiFi101/src/WiFiServer.cpp.o
                0x00000000000079a4                WiFiServer::begin()
 *fill*         0x00000000000079ae        0x2 
 .text._ZN10WiFiServer9availableEPh
                0x00000000000079b0       0x70 ./libraries/WiFi101/src/WiFiServer.cpp.o
                0x00000000000079b0                WiFiServer::available(unsigned char*)
 .text.startup._GLOBAL__sub_I__ZN10WiFiServerC2Et
                0x0000000000007a20       0x18 ./libraries/WiFi101/src/WiFiServer.cpp.o
 .text._ZN7WiFiUDP4readEPcj
                0x0000000000007a38        0xa ./libraries/WiFi101/src/WiFiUdp.cpp.o
                0x0000000000007a38                WiFiUDP::read(char*, unsigned int)
 *fill*         0x0000000000007a42        0x2 
 .text._ZN7WiFiUDP11beginPacketE9IPAddresst
                0x0000000000007a44       0x18 ./libraries/WiFi101/src/WiFiUdp.cpp.o
                0x0000000000007a44                WiFiUDP::beginPacket(IPAddress, unsigned short)
 .text._ZN7WiFiUDP9endPacketEv
                0x0000000000007a5c        0x4 ./libraries/WiFi101/src/WiFiUdp.cpp.o
                0x0000000000007a5c                WiFiUDP::endPacket()
 .text._ZN7WiFiUDP5writeEh
                0x0000000000007a60       0x14 ./libraries/WiFi101/src/WiFiUdp.cpp.o
                0x0000000000007a60                WiFiUDP::write(unsigned char)
 .text._ZN7WiFiUDP4readEv
                0x0000000000007a74       0x18 ./libraries/WiFi101/src/WiFiUdp.cpp.o
                0x0000000000007a74                WiFiUDP::read()
 .text._ZN7WiFiUDP4peekEv
                0x0000000000007a8c       0x1e ./libraries/WiFi101/src/WiFiUdp.cpp.o
                0x0000000000007a8c                WiFiUDP::peek()
 .text._ZN7WiFiUDP5flushEv
                0x0000000000007aaa       0x1c ./libraries/WiFi101/src/WiFiUdp.cpp.o
                0x0000000000007aaa                WiFiUDP::flush()
 *fill*         0x0000000000007ac6        0x2 
 .text._ZN7WiFiUDP10remotePortEv
                0x0000000000007ac8        0xc ./libraries/WiFi101/src/WiFiUdp.cpp.o
                0x0000000000007ac8                WiFiUDP::remotePort()
 .text._ZN7WiFiUDP10beginMultiE9IPAddresst
                0x0000000000007ad4       0x2c ./libraries/WiFi101/src/WiFiUdp.cpp.o
                0x0000000000007ad4                WiFiUDP::beginMulti(IPAddress, unsigned short)
 .text._ZN7WiFiUDP5beginEt
                0x0000000000007b00       0xc4 ./libraries/WiFi101/src/WiFiUdp.cpp.o
                0x0000000000007b00                WiFiUDP::begin(unsigned short)
 .text._ZN7WiFiUDP9availableEv
                0x0000000000007bc4       0x1e ./libraries/WiFi101/src/WiFiUdp.cpp.o
                0x0000000000007bc4                WiFiUDP::available()
 .text._ZN7WiFiUDP4stopEv
                0x0000000000007be2       0x1e ./libraries/WiFi101/src/WiFiUdp.cpp.o
                0x0000000000007be2                WiFiUDP::stop()
 .text._ZN7WiFiUDP11beginPacketEPKct
                0x0000000000007c00       0x38 ./libraries/WiFi101/src/WiFiUdp.cpp.o
                0x0000000000007c00                WiFiUDP::beginPacket(char const*, unsigned short)
 .text._ZN7WiFiUDP4readEPhj
                0x0000000000007c38       0x8c ./libraries/WiFi101/src/WiFiUdp.cpp.o
                0x0000000000007c38                WiFiUDP::read(unsigned char*, unsigned int)
 .text._ZN7WiFiUDP8remoteIPEv
                0x0000000000007cc4       0x14 ./libraries/WiFi101/src/WiFiUdp.cpp.o
                0x0000000000007cc4                WiFiUDP::remoteIP()
 .text._ZN7WiFiUDP11parsePacketEv
                0x0000000000007cd8       0x7c ./libraries/WiFi101/src/WiFiUdp.cpp.o
                0x0000000000007cd8                WiFiUDP::parsePacket()
 .text._ZN7WiFiUDP5writeEPKhj
                0x0000000000007d54       0x78 ./libraries/WiFi101/src/WiFiUdp.cpp.o
                0x0000000000007d54                WiFiUDP::write(unsigned char const*, unsigned int)
 .text._ZN7WiFiUDPC2Ev
                0x0000000000007dcc       0x38 ./libraries/WiFi101/src/WiFiUdp.cpp.o
                0x0000000000007dcc                WiFiUDP::WiFiUDP()
                0x0000000000007dcc                WiFiUDP::WiFiUDP()
 .text.startup._GLOBAL__sub_I__ZN7WiFiUDPC2Ev
                0x0000000000007e04       0x18 ./libraries/WiFi101/src/WiFiUdp.cpp.o
 .text._ZN8SPIClass4initEv
                0x0000000000007e1c       0x12 ./libraries/SPI/SPI.cpp.o
                0x0000000000007e1c                SPIClass::init()
 .text._ZN8SPIClass6configE11SPISettings
                0x0000000000007e2e       0x36 ./libraries/SPI/SPI.cpp.o
                0x0000000000007e2e                SPIClass::config(SPISettings)
 .text._ZN8SPIClass5beginEv
                0x0000000000007e64       0x50 ./libraries/SPI/SPI.cpp.o
                0x0000000000007e64                SPIClass::begin()
 .text._ZN8SPIClass3endEv
                0x0000000000007eb4       0x10 ./libraries/SPI/SPI.cpp.o
                0x0000000000007eb4                SPIClass::end()
 .text._ZN8SPIClass16beginTransactionE11SPISettings
                0x0000000000007ec4       0x3c ./libraries/SPI/SPI.cpp.o
                0x0000000000007ec4                SPIClass::beginTransaction(SPISettings)
 .text._ZN8SPIClass14endTransactionEv
                0x0000000000007f00       0x28 ./libraries/SPI/SPI.cpp.o
                0x0000000000007f00                SPIClass::endTransaction()
 .text._ZN8SPIClass8transferEh
                0x0000000000007f28       0x14 ./libraries/SPI/SPI.cpp.o
                0x0000000000007f28                SPIClass::transfer(unsigned char)
 .text.startup._GLOBAL__sub_I__ZN8SPIClassC2EP6SERCOMhhh14SercomSpiTXPad11SercomRXPad
                0x0000000000007f3c       0x58 ./libraries/SPI/SPI.cpp.o
 .text.RTC_Handler
                0x0000000000007f94       0x1c ./libraries/RTCZero/src/RTCZero.cpp.o
                0x0000000000007f94                RTC_Handler
 .text._ZN7RTCZero10getSecondsEv
                0x0000000000007fb0       0x10 ./libraries/RTCZero/src/RTCZero.cpp.o
                0x0000000000007fb0                RTCZero::getSeconds()
 .text._ZN7RTCZero10getMinutesEv
                0x0000000000007fc0       0x10 ./libraries/RTCZero/src/RTCZero.cpp.o
                0x0000000000007fc0                RTCZero::getMinutes()
 .text._ZN7RTCZero8getHoursEv
                0x0000000000007fd0       0x10 ./libraries/RTCZero/src/RTCZero.cpp.o
                0x0000000000007fd0                RTCZero::getHours()
 .text._ZN7RTCZero6getDayEv
                0x0000000000007fe0       0x10 ./libraries/RTCZero/src/RTCZero.cpp.o
                0x0000000000007fe0                RTCZero::getDay()
 .text._ZN7RTCZero8getMonthEv
                0x0000000000007ff0       0x10 ./libraries/RTCZero/src/RTCZero.cpp.o
                0x0000000000007ff0                RTCZero::getMonth()
 .text._ZN7RTCZero7getYearEv
                0x0000000000008000        0xc ./libraries/RTCZero/src/RTCZero.cpp.o
                0x0000000000008000                RTCZero::getYear()
 .text._ZN7RTCZero8setEpochEm
                0x000000000000800c       0xa0 ./libraries/RTCZero/src/RTCZero.cpp.o
                0x000000000000800c                RTCZero::setEpoch(unsigned long)
 .text._ZN7RTCZero10RTCdisableEv
                0x00000000000080ac       0x18 ./libraries/RTCZero/src/RTCZero.cpp.o
                0x00000000000080ac                RTCZero::RTCdisable()
 .text._ZN7RTCZero9RTCenableEv
                0x00000000000080c4       0x18 ./libraries/RTCZero/src/RTCZero.cpp.o
                0x00000000000080c4                RTCZero::RTCenable()
 .text._ZN7RTCZero8RTCresetEv
                0x00000000000080dc       0x18 ./libraries/RTCZero/src/RTCZero.cpp.o
                0x00000000000080dc                RTCZero::RTCreset()
 .text._ZN7RTCZero14RTCresetRemoveEv
                0x00000000000080f4       0x18 ./libraries/RTCZero/src/RTCZero.cpp.o
                0x00000000000080f4                RTCZero::RTCresetRemove()
 .text._ZN7RTCZero5beginEv
                0x000000000000810c       0xc4 ./libraries/RTCZero/src/RTCZero.cpp.o
                0x000000000000810c                RTCZero::begin()
 .text._ZN12PubSubClientC2EPKctR6Client
                0x00000000000081d0       0x30 ./libraries/PubSubClient/src/PubSubClient.cpp.o
                0x00000000000081d0                PubSubClient::PubSubClient(char const*, unsigned short, Client&)
                0x00000000000081d0                PubSubClient::PubSubClient(char const*, unsigned short, Client&)
 .text._ZN12PubSubClient8readByteEPh
                0x0000000000008200       0x3c ./libraries/PubSubClient/src/PubSubClient.cpp.o
                0x0000000000008200                PubSubClient::readByte(unsigned char*)
 .text._ZN12PubSubClient8readByteEPhPt
                0x000000000000823c       0x1c ./libraries/PubSubClient/src/PubSubClient.cpp.o
                0x000000000000823c                PubSubClient::readByte(unsigned char*, unsigned short*)
 .text._ZN12PubSubClient10readPacketEPh
                0x0000000000008258      0x13c ./libraries/PubSubClient/src/PubSubClient.cpp.o
                0x0000000000008258                PubSubClient::readPacket(unsigned char*)
 .text._ZN12PubSubClient5writeEhPht
                0x0000000000008394       0x6a ./libraries/PubSubClient/src/PubSubClient.cpp.o
                0x0000000000008394                PubSubClient::write(unsigned char, unsigned char*, unsigned short)
 .text._ZN12PubSubClient11writeStringEPKcPht
                0x00000000000083fe       0x2c ./libraries/PubSubClient/src/PubSubClient.cpp.o
                0x00000000000083fe                PubSubClient::writeString(char const*, unsigned char*, unsigned short)
 .text._ZN12PubSubClient9connectedEv
                0x000000000000842a       0x40 ./libraries/PubSubClient/src/PubSubClient.cpp.o
                0x000000000000842a                PubSubClient::connected()
 *fill*         0x000000000000846a        0x2 
 .text._ZN12PubSubClient7connectEPKcS1_S1_S1_hbS1_
                0x000000000000846c      0x180 ./libraries/PubSubClient/src/PubSubClient.cpp.o
                0x000000000000846c                PubSubClient::connect(char const*, char const*, char const*, char const*, unsigned char, bool, char const*)
 .text._ZN12PubSubClient7connectEPKcS1_S1_
                0x00000000000085ec       0x14 ./libraries/PubSubClient/src/PubSubClient.cpp.o
                0x00000000000085ec                PubSubClient::connect(char const*, char const*, char const*)
 .text._ZN12PubSubClient4loopEv
                0x0000000000008600      0x174 ./libraries/PubSubClient/src/PubSubClient.cpp.o
                0x0000000000008600                PubSubClient::loop()
 .text._ZN12PubSubClient7publishEPKcPKhjb
                0x0000000000008774       0x6c ./libraries/PubSubClient/src/PubSubClient.cpp.o
                0x0000000000008774                PubSubClient::publish(char const*, unsigned char const*, unsigned int, bool)
 .text._ZN12PubSubClient7publishEPKcS1_
                0x00000000000087e0       0x20 ./libraries/PubSubClient/src/PubSubClient.cpp.o
                0x00000000000087e0                PubSubClient::publish(char const*, char const*)
 .text._ZN12PubSubClient9subscribeEPKch
                0x0000000000008800       0x66 ./libraries/PubSubClient/src/PubSubClient.cpp.o
                0x0000000000008800                PubSubClient::subscribe(char const*, unsigned char)
 .text._ZN12PubSubClient9subscribeEPKc
                0x0000000000008866        0xa ./libraries/PubSubClient/src/PubSubClient.cpp.o
                0x0000000000008866                PubSubClient::subscribe(char const*)
 .text._ZN12PubSubClient11setCallbackEPFvPcPhjE
                0x0000000000008870        0x8 ./libraries/PubSubClient/src/PubSubClient.cpp.o
                0x0000000000008870                PubSubClient::setCallback(void (*)(char*, unsigned char*, unsigned int))
 .text._ZN12PubSubClient5stateEv
                0x0000000000008878        0x6 ./libraries/PubSubClient/src/PubSubClient.cpp.o
                0x0000000000008878                PubSubClient::state()
 *fill*         0x000000000000887e        0x2 
 .text.startup._GLOBAL__sub_I__ZN12PubSubClientC2Ev
                0x0000000000008880       0x18 ./libraries/PubSubClient/src/PubSubClient.cpp.o
 .text._ZN11ArduinoJson9Internals21skipSpacesAndCommentsEPKc
                0x0000000000008898       0x58 ./libraries/ArduinoJson/src/Internals/Comments.cpp.o
                0x0000000000008898                ArduinoJson::Internals::skipSpacesAndComments(char const*)
 .text._ZN11ArduinoJson9Internals10JsonParser4skipEc
                0x00000000000088f0       0x22 ./libraries/ArduinoJson/src/Internals/JsonParser.cpp.o
                0x00000000000088f0                ArduinoJson::Internals::JsonParser::skip(char)
 *fill*         0x0000000000008912        0x2 
 .text._ZN11ArduinoJson9Internals10JsonParser11parseStringEv
                0x0000000000008914       0x90 ./libraries/ArduinoJson/src/Internals/JsonParser.cpp.o
                0x0000000000008914                ArduinoJson::Internals::JsonParser::parseString()
 .text._ZN11ArduinoJson9Internals10JsonParser11parseObjectEv
                0x00000000000089a4       0x94 ./libraries/ArduinoJson/src/Internals/JsonParser.cpp.o
                0x00000000000089a4                ArduinoJson::Internals::JsonParser::parseObject()
 .text._ZN11ArduinoJson9Internals10JsonParser15parseAnythingToEPNS_11JsonVariantE
                0x0000000000008a38       0x86 ./libraries/ArduinoJson/src/Internals/JsonParser.cpp.o
                0x0000000000008a38                ArduinoJson::Internals::JsonParser::parseAnythingTo(ArduinoJson::JsonVariant*)
 *fill*         0x0000000000008abe        0x2 
 .text._ZN11ArduinoJson9Internals10JsonParser10parseArrayEv
                0x0000000000008ac0       0x70 ./libraries/ArduinoJson/src/Internals/JsonParser.cpp.o
                0x0000000000008ac0                ArduinoJson::Internals::JsonParser::parseArray()
 .text._ZN11ArduinoJson9Internals19JsonBufferAllocatednwEjPNS_10JsonBufferE
                0x0000000000008b30       0x12 ./libraries/ArduinoJson/src/Internals/List.cpp.o
                0x0000000000008b30                ArduinoJson::Internals::JsonBufferAllocated::operator new(unsigned int, ArduinoJson::JsonBuffer*)
 .text._ZN11ArduinoJson9Internals4ListINS_8JsonPairEE10addNewNodeEv
                0x0000000000008b42       0x2e ./libraries/ArduinoJson/src/Internals/List.cpp.o
                0x0000000000008b42                ArduinoJson::Internals::List<ArduinoJson::JsonPair>::addNewNode()
 .text._ZN11ArduinoJson9Internals4ListINS_11JsonVariantEE10addNewNodeEv
                0x0000000000008b70       0x2e ./libraries/ArduinoJson/src/Internals/List.cpp.o
                0x0000000000008b70                ArduinoJson::Internals::List<ArduinoJson::JsonVariant>::addNewNode()
 .text._ZN11ArduinoJson9Internals10JsonWriter5writeEc
                0x0000000000008b9e       0x14 ./libraries/ArduinoJson/src/JsonArray.cpp.o
                0x0000000000008b9e                ArduinoJson::Internals::JsonWriter::write(char)
 .text._ZNK11ArduinoJson9JsonArray7writeToERNS_9Internals10JsonWriterE
                0x0000000000008bb2       0x36 ./libraries/ArduinoJson/src/JsonArray.cpp.o
                0x0000000000008bb2                ArduinoJson::JsonArray::writeTo(ArduinoJson::Internals::JsonWriter&) const
 .text.startup._GLOBAL__sub_I__ZN11ArduinoJson9JsonArray8_invalidE
                0x0000000000008be8       0x10 ./libraries/ArduinoJson/src/JsonArray.cpp.o
 .text._ZN11ArduinoJson10JsonBuffer11createArrayEv
                0x0000000000008bf8       0x20 ./libraries/ArduinoJson/src/JsonBuffer.cpp.o
                0x0000000000008bf8                ArduinoJson::JsonBuffer::createArray()
 .text._ZN11ArduinoJson10JsonBuffer12createObjectEv
                0x0000000000008c18       0x20 ./libraries/ArduinoJson/src/JsonBuffer.cpp.o
                0x0000000000008c18                ArduinoJson::JsonBuffer::createObject()
 .text._ZN11ArduinoJson10JsonBuffer11parseObjectEPch
                0x0000000000008c38       0x20 ./libraries/ArduinoJson/src/JsonBuffer.cpp.o
                0x0000000000008c38                ArduinoJson::JsonBuffer::parseObject(char*, unsigned char)
 .text._ZN11ArduinoJson10JsonBuffer6strdupEPKcj
                0x0000000000008c58       0x1e ./libraries/ArduinoJson/src/JsonBuffer.cpp.o
                0x0000000000008c58                ArduinoJson::JsonBuffer::strdup(char const*, unsigned int)
 *fill*         0x0000000000008c76        0x2 
 .text._ZN11ArduinoJson9Internals10JsonWriter11writeStringEPKc
                0x0000000000008c78       0x60 ./libraries/ArduinoJson/src/JsonObject.cpp.o
                0x0000000000008c78                ArduinoJson::Internals::JsonWriter::writeString(char const*)
 .text._ZNK11ArduinoJson10JsonObject9getNodeAtEPKc
                0x0000000000008cd8       0x1e ./libraries/ArduinoJson/src/JsonObject.cpp.o
                0x0000000000008cd8                ArduinoJson::JsonObject::getNodeAt(char const*) const
 .text._ZNK11ArduinoJson10JsonObject7writeToERNS_9Internals10JsonWriterE
                0x0000000000008cf6       0x48 ./libraries/ArduinoJson/src/JsonObject.cpp.o
                0x0000000000008cf6                ArduinoJson::JsonObject::writeTo(ArduinoJson::Internals::JsonWriter&) const
 *fill*         0x0000000000008d3e        0x2 
 .text.startup._GLOBAL__sub_I__ZN11ArduinoJson10JsonObject8_invalidE
                0x0000000000008d40       0x10 ./libraries/ArduinoJson/src/JsonObject.cpp.o
 .text._ZN11ArduinoJson9Internals20DynamicStringBuilder5writeEh
                0x0000000000008d50        0xc ./libraries/ArduinoJson/src/JsonVariant.cpp.o
                0x0000000000008d50                ArduinoJson::Internals::DynamicStringBuilder::write(unsigned char)
 .text._ZNK11ArduinoJson11JsonVariant7writeToERNS_9Internals10JsonWriterE
                0x0000000000008d5c       0x88 ./libraries/ArduinoJson/src/JsonVariant.cpp.o
                0x0000000000008d5c                ArduinoJson::JsonVariant::writeTo(ArduinoJson::Internals::JsonWriter&) const
 .text._ZNK11ArduinoJson11JsonVariant8toStringEv
                0x0000000000008de4       0x4c ./libraries/ArduinoJson/src/JsonVariant.cpp.o
                0x0000000000008de4                ArduinoJson::JsonVariant::toString() const
 .text.SERCOM5_Handler
                0x0000000000008e30       0x10 arduino.ar(variant.cpp.o)
                0x0000000000008e30                SERCOM5_Handler
 .text.startup._GLOBAL__sub_I_g_APinDescription
                0x0000000000008e40       0x80 arduino.ar(variant.cpp.o)
 .text._ZN7Serial_4peekEv
                0x0000000000008ec0       0x2c arduino.ar(CDC.cpp.o)
                0x0000000000008ec0                Serial_::peek()
 .text._ZN7Serial_5writeEh
                0x0000000000008eec       0x14 arduino.ar(CDC.cpp.o)
                0x0000000000008eec                Serial_::write(unsigned char)
 .text._ZN7Serial_6acceptEv
                0x0000000000008f00       0x68 arduino.ar(CDC.cpp.o)
                0x0000000000008f00                Serial_::accept()
 .text._ZN7Serial_4readEv
                0x0000000000008f68       0x68 arduino.ar(CDC.cpp.o)
                0x0000000000008f68                Serial_::read()
 .text._ZN7Serial_5flushEv
                0x0000000000008fd0        0xc arduino.ar(CDC.cpp.o)
                0x0000000000008fd0                Serial_::flush()
 .text._ZN7Serial_9availableEv
                0x0000000000008fdc       0x3c arduino.ar(CDC.cpp.o)
                0x0000000000008fdc                Serial_::available()
 .text._ZN7Serial_5writeEPKhj
                0x0000000000009018       0x2c arduino.ar(CDC.cpp.o)
                0x0000000000009018                Serial_::write(unsigned char const*, unsigned int)
 .text._Z16CDC_GetInterfacePh
                0x0000000000009044       0x1c arduino.ar(CDC.cpp.o)
                0x0000000000009044                CDC_GetInterface(unsigned char*)
 .text._Z9CDC_SetupR8USBSetup
                0x0000000000009060       0x80 arduino.ar(CDC.cpp.o)
                0x0000000000009060                CDC_Setup(USBSetup&)
 .text._ZN7Serial_5beginEm
                0x00000000000090e0        0x2 arduino.ar(CDC.cpp.o)
                0x00000000000090e0                Serial_::begin(unsigned long)
 *fill*         0x00000000000090e2        0x2 
 .text.startup._GLOBAL__sub_I_cdc_rx_buffer
                0x00000000000090e4       0x24 arduino.ar(CDC.cpp.o)
 .text._ZN14USBDeviceClass6initEPEmm.part.1
                0x0000000000009108       0x80 arduino.ar(USBCore.cpp.o)
 .text._ZN20USBDevice_SAMD21G18x5resetEv
                0x0000000000009188       0x28 arduino.ar(USBCore.cpp.o)
                0x0000000000009188                USBDevice_SAMD21G18x::reset()
 .text._ZN20USBDevice_SAMD21G18x9calibrateEv
                0x00000000000091b0       0x5c arduino.ar(USBCore.cpp.o)
                0x00000000000091b0                USBDevice_SAMD21G18x::calibrate()
 .text._ZN14USBDeviceClass14SendInterfacesEPm
                0x000000000000920c       0x2c arduino.ar(USBCore.cpp.o)
                0x000000000000920c                USBDeviceClass::SendInterfaces(unsigned long*)
 .text._ZN14USBDeviceClass4initEv
                0x0000000000009238       0xc0 arduino.ar(USBCore.cpp.o)
                0x0000000000009238                USBDeviceClass::init()
 .text._ZN14USBDeviceClass6attachEv
                0x00000000000092f8       0x34 arduino.ar(USBCore.cpp.o)
                0x00000000000092f8                USBDeviceClass::attach()
 .text._ZN14USBDeviceClass10setAddressEm
                0x000000000000932c       0x48 arduino.ar(USBCore.cpp.o)
                0x000000000000932c                USBDeviceClass::setAddress(unsigned long)
 .text._ZN14USBDeviceClass25handleClassInterfaceSetupER8USBSetup
                0x0000000000009374       0x40 arduino.ar(USBCore.cpp.o)
                0x0000000000009374                USBDeviceClass::handleClassInterfaceSetup(USBSetup&)
 .text._ZN14USBDeviceClass6initEPEmm
                0x00000000000093b4       0xe4 arduino.ar(USBCore.cpp.o)
                0x00000000000093b4                USBDeviceClass::initEP(unsigned long, unsigned long)
 .text._ZN14USBDeviceClass13initEndpointsEv
                0x0000000000009498       0x24 arduino.ar(USBCore.cpp.o)
                0x0000000000009498                USBDeviceClass::initEndpoints()
 .text._ZN14USBDeviceClass5flushEm
                0x00000000000094bc       0x2c arduino.ar(USBCore.cpp.o)
                0x00000000000094bc                USBDeviceClass::flush(unsigned long)
 .text._ZN14USBDeviceClass9availableEm
                0x00000000000094e8       0x14 arduino.ar(USBCore.cpp.o)
                0x00000000000094e8                USBDeviceClass::available(unsigned long)
 .text._ZN14USBDeviceClass14armRecvCtrlOUTEm
                0x00000000000094fc       0x60 arduino.ar(USBCore.cpp.o)
                0x00000000000094fc                USBDeviceClass::armRecvCtrlOUT(unsigned long)
 .text._ZN14USBDeviceClass11recvControlEPvm
                0x000000000000955c       0x3c arduino.ar(USBCore.cpp.o)
                0x000000000000955c                USBDeviceClass::recvControl(void*, unsigned long)
 .text._ZN14USBDeviceClass7armRecvEm
                0x0000000000009598       0x3c arduino.ar(USBCore.cpp.o)
                0x0000000000009598                USBDeviceClass::armRecv(unsigned long)
 .text._ZN14USBDeviceClass4recvEmPvm
                0x00000000000095d4       0x90 arduino.ar(USBCore.cpp.o)
                0x00000000000095d4                USBDeviceClass::recv(unsigned long, void*, unsigned long)
 .text._ZN14USBDeviceClass4sendEmPKvm
                0x0000000000009664       0xa0 arduino.ar(USBCore.cpp.o)
                0x0000000000009664                USBDeviceClass::send(unsigned long, void const*, unsigned long)
 .text._ZN14USBDeviceClass7armSendEmPKvm
                0x0000000000009704       0x48 arduino.ar(USBCore.cpp.o)
                0x0000000000009704                USBDeviceClass::armSend(unsigned long, void const*, unsigned long)
 .text._ZN14USBDeviceClass11sendControlEPKvm
                0x000000000000974c       0x58 arduino.ar(USBCore.cpp.o)
                0x000000000000974c                USBDeviceClass::sendControl(void const*, unsigned long)
 .text._ZN14USBDeviceClass20sendStringDescriptorEPKhh
                0x00000000000097a4       0x58 arduino.ar(USBCore.cpp.o)
                0x00000000000097a4                USBDeviceClass::sendStringDescriptor(unsigned char const*, unsigned char)
 .text._ZN14USBDeviceClass12packMessagesEb.part.3
                0x00000000000097fc       0x20 arduino.ar(USBCore.cpp.o)
 .text._ZN14USBDeviceClass17sendConfigurationEm
                0x000000000000981c       0x90 arduino.ar(USBCore.cpp.o)
                0x000000000000981c                USBDeviceClass::sendConfiguration(unsigned long)
 .text._ZN14USBDeviceClass14sendDescriptorER8USBSetup
                0x00000000000098ac       0xb4 arduino.ar(USBCore.cpp.o)
                0x00000000000098ac                USBDeviceClass::sendDescriptor(USBSetup&)
 .text._ZN14USBDeviceClass19handleStandardSetupER8USBSetup
                0x0000000000009960      0x11c arduino.ar(USBCore.cpp.o)
                0x0000000000009960                USBDeviceClass::handleStandardSetup(USBSetup&)
 .text.startup._GLOBAL__sub_I__ZN20USBDevice_SAMD21G18x5resetEv
                0x0000000000009a7c       0x10 arduino.ar(USBCore.cpp.o)
 .text._ZN14USBDeviceClass14handleEndpointEh
                0x0000000000009a8c       0x5c arduino.ar(USBCore.cpp.o)
                0x0000000000009a8c                USBDeviceClass::handleEndpoint(unsigned char)
 .text._ZN14USBDeviceClass10ISRHandlerEv
                0x0000000000009ae8       0xf8 arduino.ar(USBCore.cpp.o)
                0x0000000000009ae8                USBDeviceClass::ISRHandler()
 .text.UDD_Handler
                0x0000000000009be0       0x10 arduino.ar(USBCore.cpp.o)
                0x0000000000009be0                UDD_Handler
 .text._ZNK9IPAddress7printToER5Print
                0x0000000000009bf0       0x3c arduino.ar(IPAddress.cpp.o)
                0x0000000000009bf0                IPAddress::printTo(Print&) const
 .text._ZN9IPAddressC2Ev
                0x0000000000009c2c       0x10 arduino.ar(IPAddress.cpp.o)
                0x0000000000009c2c                IPAddress::IPAddress()
                0x0000000000009c2c                IPAddress::IPAddress()
 .text._ZN9IPAddressC2Ehhhh
                0x0000000000009c3c       0x1c arduino.ar(IPAddress.cpp.o)
                0x0000000000009c3c                IPAddress::IPAddress(unsigned char, unsigned char, unsigned char, unsigned char)
                0x0000000000009c3c                IPAddress::IPAddress(unsigned char, unsigned char, unsigned char, unsigned char)
 .text._ZN9IPAddressC2Em
                0x0000000000009c58       0x10 arduino.ar(IPAddress.cpp.o)
                0x0000000000009c58                IPAddress::IPAddress(unsigned long)
                0x0000000000009c58                IPAddress::IPAddress(unsigned long)
 .text._ZN9IPAddress10fromStringEPKc
                0x0000000000009c68       0x4c arduino.ar(IPAddress.cpp.o)
                0x0000000000009c68                IPAddress::fromString(char const*)
 .text._ZN9IPAddressaSEm
                0x0000000000009cb4        0x4 arduino.ar(IPAddress.cpp.o)
                0x0000000000009cb4                IPAddress::operator=(unsigned long)
 .text.startup._GLOBAL__sub_I__ZN9IPAddressC2Ev
                0x0000000000009cb8       0x1c arduino.ar(IPAddress.cpp.o)
 .text._ZN5Print5writeEPKhj
                0x0000000000009cd4       0x28 arduino.ar(Print.cpp.o)
                0x0000000000009cd4                Print::write(unsigned char const*, unsigned int)
 .text._ZN5Print5writeEPKc
                0x0000000000009cfc       0x1c arduino.ar(Print.cpp.o)
                0x0000000000009cfc                Print::write(char const*)
 .text._ZN5Print5printEPK19__FlashStringHelper
                0x0000000000009d18        0x8 arduino.ar(Print.cpp.o)
                0x0000000000009d18                Print::print(__FlashStringHelper const*)
 .text._ZN5Print5printERK6String
                0x0000000000009d20       0x10 arduino.ar(Print.cpp.o)
                0x0000000000009d20                Print::print(String const&)
 .text._ZN5Print5printEPKc
                0x0000000000009d30        0x8 arduino.ar(Print.cpp.o)
                0x0000000000009d30                Print::print(char const*)
 .text._ZN5Print5printEc
                0x0000000000009d38        0xa arduino.ar(Print.cpp.o)
                0x0000000000009d38                Print::print(char)
 .text._ZN5Print5printERK9Printable
                0x0000000000009d42       0x10 arduino.ar(Print.cpp.o)
                0x0000000000009d42                Print::print(Printable const&)
 *fill*         0x0000000000009d52        0x2 
 .text._ZN5Print7printlnEv
                0x0000000000009d54       0x10 arduino.ar(Print.cpp.o)
                0x0000000000009d54                Print::println()
 .text._ZN5Print7printlnEPK19__FlashStringHelper
                0x0000000000009d64       0x14 arduino.ar(Print.cpp.o)
                0x0000000000009d64                Print::println(__FlashStringHelper const*)
 .text._ZN5Print7printlnERK6String
                0x0000000000009d78       0x14 arduino.ar(Print.cpp.o)
                0x0000000000009d78                Print::println(String const&)
 .text._ZN5Print7printlnEPKc
                0x0000000000009d8c       0x14 arduino.ar(Print.cpp.o)
                0x0000000000009d8c                Print::println(char const*)
 .text._ZN5Print7printlnERK9Printable
                0x0000000000009da0       0x14 arduino.ar(Print.cpp.o)
                0x0000000000009da0                Print::println(Printable const&)
 .text._ZN5Print11printNumberEmh
                0x0000000000009db4       0x4e arduino.ar(Print.cpp.o)
                0x0000000000009db4                Print::printNumber(unsigned long, unsigned char)
 .text._ZN5Print5printEli
                0x0000000000009e02       0x3c arduino.ar(Print.cpp.o)
                0x0000000000009e02                Print::print(long, int)
 .text._ZN5Print5printEii
                0x0000000000009e3e        0x8 arduino.ar(Print.cpp.o)
                0x0000000000009e3e                Print::print(int, int)
 .text._ZN5Print7printlnEii
                0x0000000000009e46       0x14 arduino.ar(Print.cpp.o)
                0x0000000000009e46                Print::println(int, int)
 .text._ZN5Print5printEmi
                0x0000000000009e5a       0x18 arduino.ar(Print.cpp.o)
                0x0000000000009e5a                Print::print(unsigned long, int)
 .text._ZN5Print5printEhi
                0x0000000000009e72        0x8 arduino.ar(Print.cpp.o)
                0x0000000000009e72                Print::print(unsigned char, int)
 .text._ZN5Print7printlnEhi
                0x0000000000009e7a       0x14 arduino.ar(Print.cpp.o)
                0x0000000000009e7a                Print::println(unsigned char, int)
 .text._ZN5Print7printlnEji
                0x0000000000009e8e       0x14 arduino.ar(Print.cpp.o)
                0x0000000000009e8e                Print::println(unsigned int, int)
 .text._ZN5Print7printlnEmi
                0x0000000000009ea2       0x14 arduino.ar(Print.cpp.o)
                0x0000000000009ea2                Print::println(unsigned long, int)
 *fill*         0x0000000000009eb6        0x2 
 .text._ZN5Print10printFloatEdh
                0x0000000000009eb8      0x170 arduino.ar(Print.cpp.o)
                0x0000000000009eb8                Print::printFloat(double, unsigned char)
 .text._ZN5Print5printEdi
                0x000000000000a028        0xe arduino.ar(Print.cpp.o)
                0x000000000000a028                Print::print(double, int)
 *fill*         0x000000000000a036        0x2 
 .text.initiateReset
                0x000000000000a038        0xc arduino.ar(Reset.cpp.o)
                0x000000000000a038                initiateReset
 .text.cancelReset
                0x000000000000a044       0x10 arduino.ar(Reset.cpp.o)
                0x000000000000a044                cancelReset
 .text.tickReset
                0x000000000000a054       0x5c arduino.ar(Reset.cpp.o)
                0x000000000000a054                tickReset
 .text._ZN10RingBufferC2Ev
                0x000000000000a0b0       0x16 arduino.ar(RingBuffer.cpp.o)
                0x000000000000a0b0                RingBuffer::RingBuffer()
                0x000000000000a0b0                RingBuffer::RingBuffer()
 .text._ZN10RingBuffer10store_charEh
                0x000000000000a0c6       0x16 arduino.ar(RingBuffer.cpp.o)
                0x000000000000a0c6                RingBuffer::store_char(unsigned char)
 .text._ZN10RingBuffer5clearEv
                0x000000000000a0dc        0x8 arduino.ar(RingBuffer.cpp.o)
                0x000000000000a0dc                RingBuffer::clear()
 .text._ZN10RingBuffer9read_charEv
                0x000000000000a0e4       0x1c arduino.ar(RingBuffer.cpp.o)
                0x000000000000a0e4                RingBuffer::read_char()
 .text._ZN10RingBuffer9availableEv
                0x000000000000a100        0xc arduino.ar(RingBuffer.cpp.o)
                0x000000000000a100                RingBuffer::available()
 .text._ZN10RingBuffer4peekEv
                0x000000000000a10c       0x12 arduino.ar(RingBuffer.cpp.o)
                0x000000000000a10c                RingBuffer::peek()
 .text._ZN10RingBuffer6isFullEv
                0x000000000000a11e       0x14 arduino.ar(RingBuffer.cpp.o)
                0x000000000000a11e                RingBuffer::isFull()
 .text._ZN6SERCOMC2EP6Sercom
                0x000000000000a132        0x4 arduino.ar(SERCOM.cpp.o)
                0x000000000000a132                SERCOM::SERCOM(Sercom*)
                0x000000000000a132                SERCOM::SERCOM(Sercom*)
 .text._ZN6SERCOM9initFrameE18SercomUartCharSize15SercomDataOrder16SercomParityMode19SercomNumberStopBit
                0x000000000000a136       0x38 arduino.ar(SERCOM.cpp.o)
                0x000000000000a136                SERCOM::initFrame(SercomUartCharSize, SercomDataOrder, SercomParityMode, SercomNumberStopBit)
 .text._ZN6SERCOM8initPadsE15SercomUartTXPad11SercomRXPad
                0x000000000000a16e       0x26 arduino.ar(SERCOM.cpp.o)
                0x000000000000a16e                SERCOM::initPads(SercomUartTXPad, SercomRXPad)
 .text._ZN6SERCOM9resetUARTEv
                0x000000000000a194       0x1c arduino.ar(SERCOM.cpp.o)
                0x000000000000a194                SERCOM::resetUART()
 .text._ZN6SERCOM10enableUARTEv
                0x000000000000a1b0       0x14 arduino.ar(SERCOM.cpp.o)
                0x000000000000a1b0                SERCOM::enableUART()
 .text._ZN6SERCOM9flushUARTEv
                0x000000000000a1c4        0xa arduino.ar(SERCOM.cpp.o)
                0x000000000000a1c4                SERCOM::flushUART()
 .text._ZN6SERCOM15clearStatusUARTEv
                0x000000000000a1ce        0x8 arduino.ar(SERCOM.cpp.o)
                0x000000000000a1ce                SERCOM::clearStatusUART()
 .text._ZN6SERCOM17availableDataUARTEv
                0x000000000000a1d6        0xa arduino.ar(SERCOM.cpp.o)
                0x000000000000a1d6                SERCOM::availableDataUART()
 .text._ZN6SERCOM11isUARTErrorEv
                0x000000000000a1e0        0x8 arduino.ar(SERCOM.cpp.o)
                0x000000000000a1e0                SERCOM::isUARTError()
 .text._ZN6SERCOM20acknowledgeUARTErrorEv
                0x000000000000a1e8        0xe arduino.ar(SERCOM.cpp.o)
                0x000000000000a1e8                SERCOM::acknowledgeUARTError()
 .text._ZN6SERCOM12readDataUARTEv
                0x000000000000a1f6        0x8 arduino.ar(SERCOM.cpp.o)
                0x000000000000a1f6                SERCOM::readDataUART()
 .text._ZN6SERCOM13writeDataUARTEh
                0x000000000000a1fe        0xe arduino.ar(SERCOM.cpp.o)
                0x000000000000a1fe                SERCOM::writeDataUART(unsigned char)
 .text._ZN6SERCOM12initSPIClockE18SercomSpiClockModem
                0x000000000000a20c       0x30 arduino.ar(SERCOM.cpp.o)
                0x000000000000a20c                SERCOM::initSPIClock(SercomSpiClockMode, unsigned long)
 .text._ZN6SERCOM8resetSPIEv
                0x000000000000a23c       0x1c arduino.ar(SERCOM.cpp.o)
                0x000000000000a23c                SERCOM::resetSPI()
 .text._ZN6SERCOM9enableSPIEv
                0x000000000000a258       0x14 arduino.ar(SERCOM.cpp.o)
                0x000000000000a258                SERCOM::enableSPI()
 .text._ZN6SERCOM10disableSPIEv
                0x000000000000a26c       0x14 arduino.ar(SERCOM.cpp.o)
                0x000000000000a26c                SERCOM::disableSPI()
 .text._ZN6SERCOM12writeDataSPIEh
                0x000000000000a280       0x26 arduino.ar(SERCOM.cpp.o)
                0x000000000000a280                SERCOM::writeDataSPI(unsigned char)
 .text._ZN6SERCOM11readDataSPIEv
                0x000000000000a2a6       0x1a arduino.ar(SERCOM.cpp.o)
                0x000000000000a2a6                SERCOM::readDataSPI()
 .text._ZN6SERCOM9resetWIREEv
                0x000000000000a2c0       0x1c arduino.ar(SERCOM.cpp.o)
                0x000000000000a2c0                SERCOM::resetWIRE()
 .text._ZN6SERCOM10enableWIREEv
                0x000000000000a2dc       0x28 arduino.ar(SERCOM.cpp.o)
                0x000000000000a2dc                SERCOM::enableWIRE()
 .text._ZN6SERCOM18prepareNackBitWIREEv
                0x000000000000a304       0x10 arduino.ar(SERCOM.cpp.o)
                0x000000000000a304                SERCOM::prepareNackBitWIRE()
 .text._ZN6SERCOM17prepareAckBitWIREEv
                0x000000000000a314       0x14 arduino.ar(SERCOM.cpp.o)
                0x000000000000a314                SERCOM::prepareAckBitWIRE()
 .text._ZN6SERCOM22prepareCommandBitsWireEh
                0x000000000000a328       0x2c arduino.ar(SERCOM.cpp.o)
                0x000000000000a328                SERCOM::prepareCommandBitsWire(unsigned char)
 .text._ZN6SERCOM21startTransmissionWIREEh23SercomWireReadWriteFlag
                0x000000000000a354       0x5e arduino.ar(SERCOM.cpp.o)
                0x000000000000a354                SERCOM::startTransmissionWIRE(unsigned char, SercomWireReadWriteFlag)
 .text._ZN6SERCOM18sendDataMasterWIREEh
                0x000000000000a3b2       0x22 arduino.ar(SERCOM.cpp.o)
                0x000000000000a3b2                SERCOM::sendDataMasterWIRE(unsigned char)
 .text._ZN6SERCOM17sendDataSlaveWIREEh
                0x000000000000a3d4       0x18 arduino.ar(SERCOM.cpp.o)
                0x000000000000a3d4                SERCOM::sendDataSlaveWIRE(unsigned char)
 .text._ZN6SERCOM12isMasterWIREEv
                0x000000000000a3ec       0x12 arduino.ar(SERCOM.cpp.o)
                0x000000000000a3ec                SERCOM::isMasterWIRE()
 .text._ZN6SERCOM11isSlaveWIREEv
                0x000000000000a3fe       0x12 arduino.ar(SERCOM.cpp.o)
                0x000000000000a3fe                SERCOM::isSlaveWIRE()
 .text._ZN6SERCOM15isDataReadyWIREEv
                0x000000000000a410        0xa arduino.ar(SERCOM.cpp.o)
                0x000000000000a410                SERCOM::isDataReadyWIRE()
 .text._ZN6SERCOM18isStopDetectedWIREEv